2026-06-15 10:18:22.646  3356-7735  OplusLaten...zerManager system_server                        D  enter pkg: com.doubao.helper isPrevBlackAppTop: false mIsBlackAppTop: false
2026-06-15 10:18:22.646  3356-7735  OplusEapManager         system_server                        D  mTargetEnterName :com.doubao.helper
2026-06-15 10:18:22.649  7454-9950  Battery                 com.oplus.battery                    W  ThermalControlUtils: mForegroundPkg=com.doubao.helper mLastWindowMode=1
2026-06-15 10:18:22.649  7454-9950  Battery                 com.oplus.battery                    W  StateManager: getAppType com.doubao.helper, last=1781489619962
2026-06-15 10:18:22.650  3356-3668  VRR [OPlus...teService] system_server                        D  handleFrontAppChange pkgName: com.doubao.helper
2026-06-15 10:18:22.650  7454-9950  Battery                 com.oplus.battery                    W  ThermalControllHandler: tempLevel=[4],userMode=2,gameUserMode=-1,appType=-1,envTempType=0,appStates=[],appSwitchSafetyMode=true,split=[],float=[],full=[com.doubao.helper], tempGear=[4],configItemName=common_config
2026-06-15 10:18:22.650 16046-17441 SceneSDK.1...tchAbility com.oplus.metis                      D  onAppSwitchEvent: AppSwitchEvent(timeStamp=1781489902645, eventType=2, targetName=com.android.launcher, firstStart=false, multiApp=false, windowMode=0, resumingPackageName=com.doubao.helper, resumingActivityName=com.doubao.helper.MainActivity, isResumingMultiApp=false, isResumingFirstStart=true)
2026-06-15 10:18:22.651 16046-17441 metis_v2_A...aCollector com.oplus.metis                      I  AppExitEvent =  com.android.launcher, NextAppName = com.doubao.helper
2026-06-15 10:18:22.652  3356-6321  OplusBatte...iceFeature system_server                        D  setSmartCoolDown: coolDown = 11, normalCoolDown = 11, pkgName = com.doubao.helper
2026-06-15 10:18:22.653  6928-6943  DCSEX-AppSwitchManager  com.oplus.exsystemservice            V  OnAppSwitchObserver: onAppEnter, launchedFrom =  com.android.launcher, target =  com.doubao.helper, is firstStart =  true, is multiApp =  false, extensionInfo =  Bundle[mParcelledData.dataSize=988], launch_source_type =  launcherRecentTask, launch_source_traceid =  
2026-06-15 10:18:22.654  7774-9940  Athena                  com.oplus.athena                     I  AthenaDynamicReceiver: pre_app:com.android.launcher, next_app:com.doubao.helper(10396|13768)
2026-06-15 10:18:22.658  1725-1747  statsd                  statsd                               I  An anomaly (119840000001) (100198)0x10000->com.doubao.helper[S] (100198)0x20000->10396[I]  has occurred! Informing subscribers.
2026-06-15 10:18:22.659  3356-7539  OplusBatte...iceFeature system_server                        D  setSmartCoolDown: coolDown = 11, normalCoolDown = 11, pkgName = com.doubao.helper
2026-06-15 10:18:22.666 16046-17441 SceneSDK.1...tchAbility com.oplus.metis                      D  onAppSwitchEvent: AppSwitchEvent(timeStamp=1781489902661, eventType=1, targetName=com.doubao.helper, firstStart=true, multiApp=false, windowMode=1, resumingPackageName=, resumingActivityName=, isResumingMultiApp=false, isResumingFirstStart=false)
2026-06-15 10:18:22.666 16046-17441 metis_v2_A...aCollector com.oplus.metis                      I  AppEnterEvent =  com.doubao.helper, windowMode = 1,firstStart = true
2026-06-15 10:18:22.666 16046-17441 metis_v2_A...aCollector com.oplus.metis                      W  fenceKey = com.oplus.metis:TOP_APPLICATION, getExits = [], getEnters = [] packageName = com.doubao.helper
2026-06-15 10:18:22.675  3356-6321  OplusSplit...gerService system_server                        D  com.doubao.helper supportsSplitScreen by forceResizable activity return:true
2026-06-15 10:18:22.719 13768-13768 nativeloader            com.doubao.helper                    D  Configuring clns-9 for other apk /data/app/~~eKqYWBTIy9n2yvpm-TB9Zw==/com.doubao.helper-Noq-0_dKkb-GFR6HwRjNfg==/base.apk. target_sdk_version=36, uses_libraries=, library_path=/data/app/~~eKqYWBTIy9n2yvpm-TB9Zw==/com.doubao.helper-Noq-0_dKkb-GFR6HwRjNfg==/lib/arm64, permitted_path=/data:/mnt/expand:/data/user/0/com.doubao.helper
2026-06-15 10:18:22.723 13768-13768 m.doubao.helper         com.doubao.helper                    I  AssetManager2(0xb400007de1aa0428) locale list changing from [] to [zh-CN]
2026-06-15 10:18:22.727 13768-13768 GraphicsEnvironment     com.doubao.helper                    V  Currently set values for:
2026-06-15 10:18:22.727 13768-13768 GraphicsEnvironment     com.doubao.helper                    V    angle_gl_driver_selection_pkgs=[]
2026-06-15 10:18:22.727 13768-13768 GraphicsEnvironment     com.doubao.helper                    V    angle_gl_driver_selection_values=[]
2026-06-15 10:18:22.727 13768-13768 GraphicsEnvironment     com.doubao.helper                    V  com.doubao.helper is not listed in per-application setting
2026-06-15 10:18:22.727 13768-13768 GraphicsEnvironment     com.doubao.helper                    V  ANGLE allowlist from config: 
2026-06-15 10:18:22.727 13768-13768 GraphicsEnvironment     com.doubao.helper                    V  com.doubao.helper is not listed in ANGLE allowlist or settings, returning default
2026-06-15 10:18:22.728 13768-13768 GraphicsEnvironment     com.doubao.helper                    V  Updatable production driver is not supported on the device.
2026-06-15 10:18:22.731 13768-13768 ResourcesManagerExtImpl com.doubao.helper                    D  applyConfigurationToAppResourcesLocked app.getDisplayId() return callback.displayId:-1
2026-06-15 10:18:22.743 13768-13768 OplusGraphicsEvent      com.doubao.helper                    D  OplusGraphicsEventListener create now!
2026-06-15 10:18:22.744 13768-13768 OplusGraphicsEvent      com.doubao.helper                    D  addEventListener success!
2026-06-15 10:18:22.745 13768-13768 [UAH_CLIENT]            com.doubao.helper                    E  uahInit enter
2026-06-15 10:18:22.746 13768-13768 m.doubao.helper         com.doubao.helper                    W  AIBinder_linkToDeath is being called with a non-null cookie and no onUnlink callback set. This might not be intended. AIBinder_DeathRecipient_setOnUnlinked should be called first.
2026-06-15 10:18:22.746 13768-13768 [UAH_CLIENT]            com.doubao.helper                    I  UahGetFeatureStatus enter
2026-06-15 10:18:22.750  3356-9073  OplusSplit...gerService system_server                        D  com.doubao.helper supportsSplitScreen by forceResizable activity return:true
2026-06-15 10:18:22.754 13768-13768 HWUI                    com.doubao.helper                    I  SupportApps size 0
2026-06-15 10:18:22.755 13768-13768 ExtensionsLoader        com.doubao.helper                    D  createInstance(64bit) : createExtendedFactory
2026-06-15 10:18:22.755 13768-13768 ExtensionsLoader        com.doubao.helper                    D  Opened libSchedAssistExtImpl.so
2026-06-15 10:18:22.755 13768-13768 SchedAssist             com.doubao.helper                    E  open sharedFd failed with error=Permission denied
2026-06-15 10:18:22.755 13768-13768 SchedAssist             com.doubao.helper                    E  open sharedFd failed with error=Permission denied
2026-06-15 10:18:22.755 13768-13768 SchedAssist             com.doubao.helper                    E  open sharedFd failed with error=Permission denied
2026-06-15 10:18:22.755 13768-13768 SchedAssist             com.doubao.helper                    E  open sharedFd failed with error=Permission denied
2026-06-15 10:18:22.757 13768-13791 ExtensionsLoader        com.doubao.helper                    D  createInstance(64bit) : createExtendedFactory
2026-06-15 10:18:22.757 13768-13791 ExtensionsLoader        com.doubao.helper                    D  Opened libSchedAssistExtImpl.so
2026-06-15 10:18:22.757 13768-13791 DisplayManager          com.doubao.helper                    I  Choreographer implicitly registered for the refresh rate.
2026-06-15 10:18:22.758 13768-13768 m.doubao.helper         com.doubao.helper                    I  AssetManager2(0xb400007de1aa0a28) locale list changing from [] to [zh-CN]
2026-06-15 10:18:22.759 13768-13768 ResourcesManagerExtImpl com.doubao.helper                    D  applyConfigurationToAppResourcesLocked app.getDisplayId() return callback.displayId:0
2026-06-15 10:18:22.759 13768-13791 AdrenoGLES-0            com.doubao.helper                    I  QUALCOMM build                   : b82916be04, I507ba793b7
                                                                                                    Build Date                       : 08/06/25
                                                                                                    OpenGL ES Shader Compiler Version: EV031.36.08.34
                                                                                                    Local Branch                     : 
                                                                                                    Remote Branch                    : refs/tags/AU_LINUX_ANDROID_LA.VENDOR.1.0.R1.11.00.00.816.269
                                                                                                    Remote Branch                    : NONE
                                                                                                    Reconstruct Branch               : NOTHING
2026-06-15 10:18:22.759 13768-13791 AdrenoGLES-0            com.doubao.helper                    I  Build Config                     : S P 12.1.1 AArch64
2026-06-15 10:18:22.759 13768-13791 AdrenoGLES-0            com.doubao.helper                    I  Driver Path                      : /vendor/lib64/egl/libGLESv2_adreno.so
2026-06-15 10:18:22.759 13768-13791 AdrenoGLES-0            com.doubao.helper                    I  Driver Version                   : 0615.100
2026-06-15 10:18:22.762 13768-13791 AdrenoGLES-0            com.doubao.helper                    I  PFP: 0x01730181, ME: 0x00000000
2026-06-15 10:18:22.773 13768-13768 AppCompatDelegate       com.doubao.helper                    D  Checking for metadata for AppLocalesMetadataHolderService : Service not found
2026-06-15 10:18:22.774 13768-13768 m.doubao.helper         com.doubao.helper                    I  AssetManager2(0xb400007de1aa0d28) locale list changing from [] to [zh-CN]
2026-06-15 10:18:22.775 13768-13791 ExtensionsLoader        com.doubao.helper                    D  createInstance(64bit) : createExtendedFactory
2026-06-15 10:18:22.775 13768-13791 ExtensionsLoader        com.doubao.helper                    D  Opened libeglextimpl.so
2026-06-15 10:18:22.775 13768-13791 PreCache                com.doubao.helper                    D  [IPreCacheRus]loadRUSConfigs#102 failed to transact: -22 prc:com.doubao.helper
2026-06-15 10:18:22.777 13768-13768 ashmem                  com.doubao.helper                    E  Pinning is deprecated since Android Q. Please use trim or other methods.
2026-06-15 10:18:22.779  3356-6321  OplusSplit...gerService system_server                        D  com.doubao.helper supportsSplitScreen by forceResizable activity return:true
2026-06-15 10:18:22.793 13768-13768 OplusPredi...Controller com.doubao.helper                    E   NoSuchMethodException 
2026-06-15 10:18:22.793 13768-13768 OplusPredi...Controller com.doubao.helper                    E   NoSuchMethodException 
2026-06-15 10:18:22.793 13768-13768 OplusPredi...Controller com.doubao.helper                    E   NoSuchMethodException 
2026-06-15 10:18:22.793 13768-13768 OplusPredi...Controller com.doubao.helper                    D  should not HookOnBackInvokedCallbackEnabled for application com.doubao.helper.MainActivity@5528b5d sdk: 36
2026-06-15 10:18:22.793 13768-13768 OplusPredi...Controller com.doubao.helper                    D  initPredictiveBackConfig for com.doubao.helper.MainActivity@5528b5d initPredictiveBackConfig mShouldInterceptKeyEvent false
2026-06-15 10:18:22.793 13768-13768 OplusPredi...Controller com.doubao.helper                    D  should not HookOnBackInvokedCallbackEnabled for application com.doubao.helper.MainActivity@5528b5d sdk: 36
2026-06-15 10:18:22.793 13768-13768 WindowOnBackDispatcher  com.doubao.helper                    D   predictive settings is disabled for com.doubao.helper
2026-06-15 10:18:22.794 13768-13768 oplus.andr...actoryImpl com.doubao.helper                    I  Unknow feature:IOplusTextViewRTLUtilForUG
2026-06-15 10:18:22.800 13768-13768 CompatChangeReporter    com.doubao.helper                    D  Compat change id reported: 377864165; UID 10396; state: ENABLED
2026-06-15 10:18:22.801 13768-13768 DesktopModeFlags        com.doubao.helper                    D  Toggle override initialized to: OVERRIDE_UNSET
2026-06-15 10:18:22.802 13768-13768 OplusWindowManager      com.doubao.helper                    D  get WMS extension: android.os.BinderProxy@688342a
2026-06-15 10:18:22.812 13768-13768 m.doubao.helper         com.doubao.helper                    I  hiddenapi: Accessing hidden method Landroid/view/ViewGroup;->makeOptionalFitsSystemWindows()V (runtime_flags=0, domain=platform, api=unsupported) from Landroidx/appcompat/widget/ViewUtils; (domain=app) using reflection: allowed
2026-06-15 10:18:22.814 13768-13768 ScrollOpti...tionHelper com.doubao.helper                    D  can't find the config file for optimizaiton
2026-06-15 10:18:22.814 13768-13768 ScrollOpti...tionHelper com.doubao.helper                    D  will not debug for debug is false
2026-06-15 10:18:22.816 13768-13768 OplusCusto...ionManager com.doubao.helper                    E  sInstance is null, start a new sInstance
2026-06-15 10:18:22.860 13768-13768 OplusInputMethodUtil    com.doubao.helper                    D  init sDebug to false, init sDebugIme to false, init sAlwaysOn to false
2026-06-15 10:18:22.860 13768-13768 OplusInputMethodUtil    com.doubao.helper                    D  updateDebugToClass InputMethodManager.DEBUG = false
2026-06-15 10:18:22.860 13768-13768 OplusInputMethodUtil    com.doubao.helper                    D  updateDebugToClass ImeFocusController.DEBUG = false
2026-06-15 10:18:22.860 13768-13768 OplusInputMethodUtil    com.doubao.helper                    D  updateDebugToClass OnBackInvokedDispatcher.DEBUG = false
2026-06-15 10:18:22.860 13768-13768 OplusInputMethodUtil    com.doubao.helper                    D  updateDebugToClass InsetsController.DEBUG = false
2026-06-15 10:18:22.860 13768-13768 OplusInputMethodUtil    com.doubao.helper                    D  updateDebugToClass BaseInputConnection.DEBUG = false
2026-06-15 10:18:22.873 13768-13768 ActivityThread          com.doubao.helper                    D  ComponentInfo{com.doubao.helper/com.doubao.helper.MainActivity} checkFinished=false 2
2026-06-15 10:18:22.873 13768-13768 ResourcesManagerExtImpl com.doubao.helper                    D  applyConfigurationToAppResourcesLocked app.getDisplayId() return callback.displayId:0
2026-06-15 10:18:22.889 13768-13768 WindowManager           com.doubao.helper                    D  Add to mViews: com.android.internal.policy.DecorView{711ed11 I.E...... R.....ID 0,0-0,0 alpha=1.0 viewInfo = }[MainActivity],pkg= com.doubao.helper
2026-06-15 10:18:22.891 13768-13791 ExtensionsLoader        com.doubao.helper                    D  createInstance(64bit) : createExtendedFactory
2026-06-15 10:18:22.892 13768-13791 ExtensionsLoader        com.doubao.helper                    D  Opened libhwuiextimpl.so
2026-06-15 10:18:22.892 13768-13791 skia                    com.doubao.helper                    D  setRusSupported enable 0
2026-06-15 10:18:22.897  3356-3386  WindowManager           system_server                        I  addWindow: New client android.os.BinderProxy@271f441 : window=Window{e36fde6 u0 com.doubao.helper/com.doubao.helper.MainActivity}
2026-06-15 10:18:22.899 13768-13768 ViewRootImplExtImpl     com.doubao.helper                    D  onDisplayChanged -1 for VRI android.view.ViewRootImpl@f97494d
2026-06-15 10:18:22.901 13768-13768 ResourcesManagerExtImpl com.doubao.helper                    D  applyConfigurationToAppResourcesLocked app.getDisplayId() return callback.displayId:0
2026-06-15 10:18:22.901  3356-3441  OplusSplit...gerService system_server                        D  com.doubao.helper supportsSplitScreen by forceResizable activity return:true
2026-06-15 10:18:22.901  3356-3441  OplusSplit...gerService system_server                        D  com.doubao.helper supportsSplitScreen by forceResizable activity return:true
2026-06-15 10:18:22.904 13768-13768 OplusBracketLog         com.doubao.helper                    E  [OplusViewMirrorManager] updateHostViewRootIfNeeded, not support android.view.ViewRootImpl@f97494d
2026-06-15 10:18:22.911 13768-13768 OplusPredi...Controller com.doubao.helper                    D  should not HookOnBackInvokedCallbackEnabled for application com.doubao.helper.MainActivity@5528b5d sdk: 36
2026-06-15 10:18:22.912 13768-13768 WindowOnBackDispatcher  com.doubao.helper                    D   predictive settings is disabled for com.doubao.helper
2026-06-15 10:18:22.912 13768-13768 OplusPredi...Controller com.doubao.helper                    D  should not HookOnBackInvokedCallbackEnabled for application com.doubao.helper.MainActivity@5528b5d sdk: 36
2026-06-15 10:18:22.912 13768-13768 WindowOnBackDispatcher  com.doubao.helper                    D   predictive settings is disabled for com.doubao.helper
2026-06-15 10:18:22.914  3356-9073  CoreBackPreview         system_server                        D  Window{e36fde6 u0 com.doubao.helper/com.doubao.helper.MainActivity}: Setting back callback OnBackInvokedCallbackInfo{mCallback=android.window.IOnBackInvokedCallback$Stub$Proxy@7651272, mPriority=0, mIsAnimationCallback=false, mOverrideBehavior=0}
2026-06-15 10:18:22.927  3356-7539  OplusSplit...gerService system_server                        D  com.doubao.helper supportsSplitScreen by forceResizable activity return:true
2026-06-15 10:18:22.928 13768-13768 ViewRootImplExtImpl     com.doubao.helper                    D  wrapConfigInfoIntoFlags rotation=1, smallestScreenWidthDp=0, residentWS=false, scenario=0, bounds=Rect(0, 0 - 2772, 1240), relayoutAsync=false, flags=0, newFlags=1453326344, title=com.doubao.helper/com.doubao.helper.MainActivity
2026-06-15 10:18:22.928  3356-9073  WindowManager           system_server                        V  Relayout Window{e36fde6 u0 com.doubao.helper/com.doubao.helper.MainActivity}: viewVisibility=0, oldvis=4, req=2772x1240 , apr = 0, vsysui=, x=0, y=0
2026-06-15 10:18:22.928  3356-9073  WindowManager           system_server                        I  Window{e36fde6 u0 com.doubao.helper/com.doubao.helper.MainActivity} state from NO_SURFACE to DRAW_PENDING; reason: resetDrawState
2026-06-15 10:18:22.931  3356-9073  OplusSplit...gerService system_server                        D  com.doubao.helper supportsSplitScreen by forceResizable activity return:true
2026-06-15 10:18:22.932  3356-9073  OplusSplit...gerService system_server                        D  com.doubao.helper supportsSplitScreen by forceResizable activity return:true
2026-06-15 10:18:22.932  3356-9073  WindowManager           system_server                        D  NFW_findFocusedWindowIfNeeded:Window{e36fde6 u0 com.doubao.helper/com.doubao.helper.MainActivity} mCurrentFocus:null
2026-06-15 10:18:22.932  3356-9073  WindowManager           system_server                        V  Changing focus from null to Window{e36fde6 u0 com.doubao.helper/com.doubao.helper.MainActivity},diplayid=0
2026-06-15 10:18:22.934  3356-9073  WindowManager           system_server                        D  updateOrientation: stop for launching different orientation app. topCandidate = ActivityRecord{68611226 u0 com.doubao.helper/.MainActivity t67739} hasFixedRotationTransform = true rotation = 1 r = ActivityRecord{68611226 u0 com.doubao.helper/.MainActivity t67739} hasFixedRotationTransform = true rotation = 1 mFixedRotationLaunchingApp = ActivityRecord{68611226 u0 com.doubao.helper/.MainActivity t67739} curRotation = 0
2026-06-15 10:18:22.935  3356-3441  SurfaceComposerClient   system_server                        D  Transaction::apply InputWindowCommands.focusRequests timestamp=21228494457004, windowName=e36fde6 com.doubao.helper/com.doubao.helper.MainActivity
2026-06-15 10:18:22.936 13768-13768 VRI[MainActivity]       com.doubao.helper                    D  relayoutWindow result, sizeChanged:true, surfaceControlChanged:true, transformHintChanged:true, mSurfaceSize:Point(2772, 1240), mLastSurfaceSize:Point(0, 0), mWidth:-1, mHeight:-1, requestedWidth:2772, requestedHeight:1240, transformHint:4, installOrientation:0, displayRotation:1, isSurfaceValid:true, attr.flag:-2122252032, tmpFrames:ClientWindowFrames{frame=[0,0][2772,1240] display=[0,0][2772,1240] parentFrame=[0,0][0,0]}, relayoutAsync:false, mSyncSeqId:0
2026-06-15 10:18:22.936 13768-13768 VRI[MainActivity]       com.doubao.helper                    W  updateBlastSurfaceIfNeeded, surfaceSize:Point(2772, 1240), lastSurfaceSize:Point(0, 0), format:-1, blastBufferQueue:null
2026-06-15 10:18:22.937 13768-13768 libc                    com.doubao.helper                    W  Access denied finding property "vendor.display.enable_optimal_refresh_rate"
2026-06-15 10:18:22.937 13768-13768 BufferQueueConsumer     com.doubao.helper                    D  [](id:35c800000000,api:0,p:-1,c:13768) connect: controlledByApp=false
2026-06-15 10:18:22.937 13768-13768 BufferQueueConsumer     com.doubao.helper                    D  [VRI[MainActivity]#0(BLAST Consumer)0](id:35c800000000,api:0,p:-1,c:13768) setMaxAcquiredBufferCount: 2
2026-06-15 10:18:22.937 13768-13768 libc                    com.doubao.helper                    W  Access denied finding property "vendor.display.enable_optimal_refresh_rate"
2026-06-15 10:18:22.939 13768-13791 HWUI                    com.doubao.helper                    D  createSurface new attribs array
2026-06-15 10:18:22.940 13768-13791 libEGL                  com.doubao.helper                    D  this is from skia gles
2026-06-15 10:18:22.941 13768-13791 BufferQueueProducer     com.doubao.helper                    D  [VRI[MainActivity]#0(BLAST Consumer)0](id:35c800000000,api:1,p:13768,c:13768) connect: api=1 producerControlledByApp=true
2026-06-15 10:18:22.946  2014-2516  SurfaceFlinger          surfaceflinger                       D  updateWinowInfo=1, setFocusedWindow timestamp=21228494457004, windowName=e36fde6 com.doubao.helper/com.doubao.helper.MainActivity
2026-06-15 10:18:22.946  3356-6321  InputDispatcher         system_server                        I  NFW_setFocusedWindow, e36fde6 com.doubao.helper/com.doubao.helper.MainActivity on display 0, same as the previous:0
2026-06-15 10:18:22.949 13768-13768 SurfaceControl          com.doubao.helper                    I   setExtendedRangeBrightness sc=Surface(name=com.doubao.helper/com.doubao.helper.MainActivity)/@0xb5a936f,currentBufferRatio=1.0,desiredRatio=1.0
2026-06-15 10:18:22.967 13768-13791 BLASTBufferQueue        com.doubao.helper                    D  [VRI[MainActivity]#0](f:0,a:1) acquireNextBufferLocked size=2772x1240 mFrameNumber=1 applyTransaction=true mTimestamp=21228526948567(auto) mPendingTransactions.size=0 graphicBufferId=59133109731332 transform=7
2026-06-15 10:18:22.967 13768-13791 VRI[MainActivity]       com.doubao.helper                    D  Received frameCommittedCallback lastAttemptedDrawFrameNum=1 didProduceBuffer=true syncBuffer=false
2026-06-15 10:18:22.967 13768-13791 ExtensionsLoader        com.doubao.helper                    D  createInstance(64bit) : createExtendedFactory
2026-06-15 10:18:22.968 13768-13791 ExtensionsLoader        com.doubao.helper                    D  Opened libSchedAssistExtImpl.so
2026-06-15 10:18:22.968 13768-13768 VRI[MainActivity]       com.doubao.helper                    D  draw finished. seqId=0
2026-06-15 10:18:22.969  3356-9073  WindowManager           system_server                        I  Window{e36fde6 u0 com.doubao.helper/com.doubao.helper.MainActivity} state from DRAW_PENDING to COMMIT_DRAW_PENDING; reason: finishDrawingLocked
2026-06-15 10:18:22.970  3356-3441  WindowManager           system_server                        I  Window{e36fde6 u0 com.doubao.helper/com.doubao.helper.MainActivity} state from COMMIT_DRAW_PENDING to READY_TO_SHOW; reason: commitFinishDrawingLocked
2026-06-15 10:18:22.970  3356-3441  ActivityTaskManager     system_server                        D  Finish StartingWindow: ActivityRecord{68611226 u0 com.doubao.helper/.MainActivity t67739}first real window is shown
2026-06-15 10:18:22.970  3356-3441  ActivityTaskManager     system_server                        D  removeStartingWindowAnimation starting ActivityRecord{68611226 u0 com.doubao.helper/.MainActivity t67739} startingWindow=null ,startingView=com.android.server.wm.StartingSurfaceController$StartingSurface@90d4ecd,Callers=com.android.server.wm.ActivityRecord.removeStartingWindow:3409 com.android.server.wm.ActivityRecord.onFirstWindowDrawn:8073 com.android.server.wm.WindowState.performShowLocked:4915 com.android.server.wm.WindowStateAnimator.commitFinishDrawingLocked:403 com.android.server.wm.DisplayContent.lambda$new$8:1154 
2026-06-15 10:18:22.970  3356-3441  OplusStart...dowManager system_server                        D  interceptRemoveStartingWindow: packageName=com.doubao.helper,  componentName=com.doubao.helper/.MainActivity, isSnapshot=false, startingSurfaceRunnable=null, isDrawCompleted=false, hasSurfaceView=false, inTransition=true
2026-06-15 10:18:22.970  3356-3441  OplusStart...dowManager system_server                        D  interceptRemoveStartingWindow: hasSplashWindowFlag() return false for activity=ActivityRecord{68611226 u0 com.doubao.helper/.MainActivity t67739}
2026-06-15 10:18:22.972 13768-13768 VRI[MainActivity]       com.doubao.helper                    W  handleResized, msg:, frameChanged:false, configChanged:false, displayChanged:false, attachedFrameChanged:false, compatScaleChanged:false, pendingDragResizing=false
2026-06-15 10:18:22.972  3356-3441  TaskOrganizerController system_server                        D  TaskOrganizerController.removeStartingWindow: call wmshell to removeStartingWindow Task{49f712e #67739 type=standard A=10396:com.doubao.helper}
2026-06-15 10:18:22.973  3356-3441  Quality                 system_server                        I  LaunchTime2.0: com.doubao.helper/.MainActivity 1 455 com.android.launcher 51 108
2026-06-15 10:18:22.974  3356-3441  QuickBackInputPolicy    system_server                        D  setAppLaunchEndTime update timePair=Pair{ActivityRecord{68611226 u0 com.doubao.helper/.MainActivity t67739} 21228533}
2026-06-15 10:18:22.974  3356-7631  OPM                     system_server                        I  handleNotifyLaunchTime : com.doubao.helper, :457
2026-06-15 10:18:22.974  3356-3441  OplusSplit...gerService system_server                        D  com.doubao.helper supportsSplitScreen by forceResizable activity return:true
2026-06-15 10:18:22.974  3356-3441  OplusSplit...gerService system_server                        D  com.doubao.helper supportsSplitScreen by forceResizable activity return:true
2026-06-15 10:18:22.974  3356-3441  WindowManager           system_server                        I  Window{e36fde6 u0 com.doubao.helper/com.doubao.helper.MainActivity} state from READY_TO_SHOW to HAS_DRAWN; reason: performShowLocked
2026-06-15 10:18:22.975  2014-2014  SurfaceFlinger          surfaceflinger                       D  latchBuffer notifyFrameDrawState... sequence=1885 ownerApp=com.doubao.helper name=com.doubao.helper/com.doubao.helper.MainActivity#1885
2026-06-15 10:18:22.975  3356-9073  OplusStart...dowManager system_server                        D  isLayerMatchToStartingWindow error, mStartingRecords empty or inValid layerName:com.doubao.helper/com.doubao.helper.MainActivity#1885
2026-06-15 10:18:22.977 13768-13768 DynamicFra...igManager] com.doubao.helper                    I  initFrameRateConfig: 
                                                                                                    	levelsFor120hz: [120, 60]
                                                                                                    	thresholdsFor120hz: [200]
                                                                                                    	levelsFor90hz: [90]
                                                                                                    	thresholdsFor90hz: []
2026-06-15 10:18:22.977 13768-13768 DynamicFra...igManager] com.doubao.helper                    I  FRTCConfigManager: FRTC_CAPABILITY = 120, package name = com.doubao.helper, WINDOW_ANIMATION_SPEED_RATE = 10, SCROLL_ANIMATION_SPEED_RATE = 20, PACKAGE_ENABLE = false
2026-06-15 10:18:22.977 13768-13768 DynamicFra...ontroller] com.doubao.helper                    I  init info: mPackageName = com.doubao.helper, mIsEnabled = false
2026-06-15 10:18:22.979  3356-3437  ActivityTaskManager     system_server                        I  Displayed com.doubao.helper/.MainActivity for user 0: +471ms
2026-06-15 10:18:22.981 13768-13791 VRI[MainActivity]       com.doubao.helper                    D  Received frameCommittedCallback lastAttemptedDrawFrameNum=3 didProduceBuffer=true syncBuffer=false
2026-06-15 10:18:22.982  1725-1747  statsd                  statsd                               I  An anomaly (104840000001) (48)0x10000->10396[I] (48)0x20000->com.doubao.helper[S] (48)0x30000->3[I]  has occurred! Informing subscribers.
2026-06-15 10:18:22.982 13768-13768 VRI[MainActivity]       com.doubao.helper                    D  draw finished. seqId=0
2026-06-15 10:18:22.988  3356-9073  InputDispatcher         system_server                        I  updateFocusedWindow, e36fde6 com.doubao.helper/com.doubao.helper.MainActivity on display 0, reason: Window became focusable. Previous reason: NOT_VISIBLE, result:   FocusedWindows:
                                                                                                        displayId=0, name='e36fde6 com.doubao.helper/com.doubao.helper.MainActivity'
2026-06-15 10:18:22.988 13768-13768 VRI[MainActivity]       com.doubao.helper                    D  onFocusEvent true
2026-06-15 10:18:22.992  2014-2014  SurfaceFlinger          surfaceflinger                       D  latchBuffer notifyFrameDrawState... sequence=1879 ownerApp=com.android.systemui name=Splash Screen com.doubao.helper#1879
2026-06-15 10:18:22.992  3356-9073  OplusStart...dowManager system_server                        D  isLayerMatchToStartingWindow error, mStartingRecords empty or inValid layerName:Splash Screen com.doubao.helper#1879
2026-06-15 10:18:22.995  3356-6492  InputMetho...gerService system_server                        D  isSecurity: attribute.packageName = com.doubao.helper mCurMethodId = com.sohu.inputmethod.sogouoem/.SogouIME isSecurity = false ( enable = true needShow = false inBlackList = false isExist = true )
2026-06-15 10:18:22.995  3356-6492  ImeTracker              system_server                        I  com.doubao.helper:4c515b30: onRequestHide at ORIGIN_SERVER reason HIDE_UNSPECIFIED_WINDOW fromUser false
2026-06-15 10:18:23.003 13768-13768 InsetsController        com.doubao.helper                    D  hide(ime(), fromIme=false)
2026-06-15 10:18:23.003 13768-13768 ImeTracker              com.doubao.helper                    I  com.doubao.helper:4c515b30: onCancelled at PHASE_CLIENT_ALREADY_HIDDEN
2026-06-15 10:18:23.086  3356-9073  Transition              system_server                        D  finishTransition ar ActivityRecord{39557360 u0 com.android.launcher/.Launcher t5}, isVisibleRequested=false, state=PAUSED, visibleAtTransitionEndTokens={WallpaperWindowToken{3c747bc showWhenLocked=false}, ActivityRecord{68611226 u0 com.doubao.helper/.MainActivity t67739}}, this=TransitionRecord{d7d9130 id=173 track=0 type=OPEN flags=0x0 state=2 c=[
                                                                                                       ChangeInfo{bd3a1a9 container=ActivityRecord{39557360 u0 com.android.launcher/.Launcher t5} flags=0x0}
                                                                                                       ChangeInfo{613832e container=WallpaperWindowToken{3c747bc showWhenLocked=false} flags=0x0}
                                                                                                       ChangeInfo{bdb0ecf container=ActivityRecord{68611226 u0 com.doubao.helper/.MainActivity t67739} flags=0x0}
                                                                                                       ChangeInfo{abb3808 container=Task{49f712e #67739 type=standard A=10396:com.doubao.helper} flags=0x30}
                                                                                                       ChangeInfo{de2905c container=Display{#0 state=ON size=1240x2772 ROTATION_0} flags=0x0}
                                                                                                       ChangeInfo{49baf65 container=OneHanded:0:14@105259394 flags=0x0}
                                                                                                       ChangeInfo{2d8a43a container=DefaultTaskDisplayArea@128232737 flags=0x0}
                                                                                                       ChangeInfo{af97ba1 container=Task{7e4f84c #1 type=home} flags=0x10}
                                                                                                       ChangeInfo{723c8eb container=Task{d5a1fd2 #5 type=undefined I=com.android.launcher/.Launcher} flags=0x10}
                                                                                                       ChangeInfo{2365648 container=WallpaperWindowToken{fb28de2 showWhenLocked=true} flags=0x0}
                                                                                                    ]
                                                                                                    }
2026-06-15 10:18:23.087  3356-9073  Transition              system_server                        D  finishTransition ar ActivityRecord{68611226 u0 com.doubao.helper/.MainActivity t67739}, isVisibleRequested=true, state=RESUMED, visibleAtTransitionEndTokens={WallpaperWindowToken{3c747bc showWhenLocked=false}, ActivityRecord{68611226 u0 com.doubao.helper/.MainActivity t67739}}, this=TransitionRecord{d7d9130 id=173 track=0 type=OPEN flags=0x0 state=2 c=[
                                                                                                       ChangeInfo{bd3a1a9 container=ActivityRecord{39557360 u0 com.android.launcher/.Launcher t5} flags=0x0}
                                                                                                       ChangeInfo{613832e container=WallpaperWindowToken{3c747bc showWhenLocked=false} flags=0x0}
                                                                                                       ChangeInfo{bdb0ecf container=ActivityRecord{68611226 u0 com.doubao.helper/.MainActivity t67739} flags=0x0}
                                                                                                       ChangeInfo{abb3808 container=Task{49f712e #67739 type=standard A=10396:com.doubao.helper} flags=0x30}
                                                                                                       ChangeInfo{de2905c container=Display{#0 state=ON size=1240x2772 ROTATION_0} flags=0x0}
                                                                                                       ChangeInfo{49baf65 container=OneHanded:0:14@105259394 flags=0x0}
                                                                                                       ChangeInfo{2d8a43a container=DefaultTaskDisplayArea@128232737 flags=0x0}
                                                                                                       ChangeInfo{af97ba1 container=Task{7e4f84c #1 type=home} flags=0x10}
                                                                                                       ChangeInfo{723c8eb container=Task{d5a1fd2 #5 type=undefined I=com.android.launcher/.Launcher} flags=0x10}
                                                                                                       ChangeInfo{2365648 container=WallpaperWindowToken{fb28de2 showWhenLocked=true} flags=0x0}
                                                                                                    ]
                                                                                                    }
2026-06-15 10:18:23.087  3356-9073  OplusAppSw...gerService system_server                        I   handleAppVisible , r = ActivityRecord{68611226 u0 com.doubao.helper/.MainActivity t67739}
2026-06-15 10:18:23.088  3356-9073  WindowManager           system_server                        D  Enter continueUpdateOrientationForDiffOrienLaunchingApp fixed rotation app = ActivityRecord{68611226 u0 com.doubao.helper/.MainActivity t67739}null
2026-06-15 10:18:23.090  3356-9073  OplusGameR...ionService system_server                        D  stopRotationInGame: check windowContainer = ActivityRecord{68611226 u0 com.doubao.helper/.MainActivity t67739}
2026-06-15 10:18:23.090  3356-9073  WindowManager           system_server                        I  Display id 0 rotation changed to ROTATION_90 (1) from ROTATION_0 (0), lastOrientation = SCREEN_ORIENTATION_LANDSCAPE (0) lastOrientationSource = ActivityRecord{68611226 u0 com.doubao.helper/.MainActivity t67739}
2026-06-15 10:18:23.105  3356-9073  WindowManager           system_server                        W  Finish fixed rotation transform of ActivityRecord{68611226 u0 com.doubao.helper/.MainActivity t67739} applyDisplayRotation = com.android.server.wm.DisplayContent$$ExternalSyntheticLambda8@494e5c3; callers:com.android.server.wm.DisplayContent.applyRotationAndFinishFixedRotation:7737 com.android.server.wm.DisplayContent.onRequestedOverrideConfigurationChanged:7700 com.android.server.wm.DisplayContent.performDisplayOverrideConfigUpdate:7673 com.android.server.wm.RootWindowContainer.dispatchConfigurationToChild:714 com.android.server.wm.RootWindowContainer.dispatchConfigurationToChild:213 com.android.server.wm.ConfigurationContainer.onConfigurationChanged:183 
2026-06-15 10:18:23.107  3356-9073  OplusCompa...gerService system_server                        D  getRequestedConfigurationOrientation  res:2,req:0,config.old:2,config.new:2,ActivityRecord{68611226 u0 com.doubao.helper/.MainActivity t67739}
2026-06-15 10:18:23.107  3356-9073  OplusCompa...gerService system_server                        D   onPreActivityRecordConfigurationChanged {1.0 ?mcc??mnc [zh_CN] ldltr sw354dp w792dp h354dp 560dpi nrml long hdr widecg land finger -keyb/v/h -nav/h winConfig={ mBounds=Rect(0, 0 - 2772, 1240) mAppBounds=Rect(0, 0 - 2772, 1240) mMaxBounds=Rect(0, 0 - 2772, 1240) mDisplayRotation=ROTATION_90 mWindowingMode=fullscreen mActivityType=standard mAlwaysOnTop=undefined mRotation=ROTATION_90} s.9048 fontWeightAdjustment=0mThemeChanged= 0, mThemeChangedFlags= 0, mFlipFont= 0, mScenario= 0, mAccessibleChanged= -1, mUxIconConfig= 1e177015e00020, mMaterialColor= 0, mUserId= 0, mFontUserId= 0, mFontVariationSettings= 11a9, mFoldingAngle = -1.0, mIconPackName= , mDarkModeBackgroundMaxL= 0.0, mDarkModeDialogBgMaxL= 27.0, mDarkModeForegroundMinL= 100.0, mOplusConfigType= 1, mOplusChangedConfigs= 0, OpSans= -1, mBurmeseFontFlag= 2, mFlag= 0, mExtraFlag= 0, mFlexibleActivitySuitable= -1, mPuttDisplayFlag= -1}
                                                                                                     disable:true,valid:false,computeReq:2,isGameRatio:false
                                                                                                     getOverrideMinAspectRatioForCompatMode: 0.0 getRawOverrideMinAspectRatioForCompatMode: 0.0
                                                                                                     ar : ActivityRecord{68611226 u0 com.doubao.helper/.MainActivity t67739} displayId:0 inCompatMode: false
2026-06-15 10:18:23.109  3356-9073  FlexibleTaskController  system_server                        D  changeConfigForFlexibleTask for this task is not flexible:Task{49f712e #67739 type=standard A=10396:com.doubao.helper}
2026-06-15 10:18:23.114 13768-13768 VRI[MainActivity]       com.doubao.helper                    W  handleResized abandoned!
2026-06-15 10:18:23.115  3356-9073  OplusSplit...gerService system_server                        D  com.doubao.helper supportsSplitScreen by forceResizable activity return:true
2026-06-15 10:18:23.115  3356-9073  OplusSplit...gerService system_server                        D  com.doubao.helper supportsSplitScreen by forceResizable activity return:true
2026-06-15 10:18:23.115  3356-9073  OplusSplit...gerService system_server                        D  com.doubao.helper supportsSplitScreen by forceResizable activity return:true
2026-06-15 10:18:23.117  3356-9073  OplusTrans...Controller system_server                        D  finishTransition, transition: TransitionRecord{d7d9130 id=173 track=0 type=OPEN flags=0x0 state=4 c=[
                                                                                                       ChangeInfo{bd3a1a9 container=ActivityRecord{39557360 u0 com.android.launcher/.Launcher t5} flags=0x0}
                                                                                                       ChangeInfo{613832e container=WallpaperWindowToken{3c747bc showWhenLocked=false} flags=0x0}
                                                                                                       ChangeInfo{bdb0ecf container=ActivityRecord{68611226 u0 com.doubao.helper/.MainActivity t67739} flags=0x0}
                                                                                                       ChangeInfo{abb3808 container=Task{49f712e #67739 type=standard A=10396:com.doubao.helper} flags=0x30}
                                                                                                       ChangeInfo{de2905c container=Display{#0 state=ON size=2772x1240 ROTATION_90} flags=0x0}
                                                                                                       ChangeInfo{49baf65 container=OneHanded:0:14@105259394 flags=0x0}
                                                                                                       ChangeInfo{2d8a43a container=DefaultTaskDisplayArea@128232737 flags=0x0}
                                                                                                       ChangeInfo{af97ba1 container=Task{7e4f84c #1 type=home} flags=0x10}
                                                                                                       ChangeInfo{723c8eb container=Task{d5a1fd2 #5 type=undefined I=com.android.launcher/.Launcher} flags=0x10}
                                                                                                       ChangeInfo{2365648 container=WallpaperWindowToken{fb28de2 showWhenLocked=true} flags=0x0}
                                                                                                    ]
                                                                                                    }
2026-06-15 10:18:23.117  3356-9073  FlexibleTa...Controller system_server                        D   finishTransition pendingRecentToFlexibleTask:null,isRotationTransition:false ,pendingRecentToFlexible:null ,transition:TransitionRecord{d7d9130 id=173 track=0 type=OPEN flags=0x0 state=4 c=[
                                                                                                       ChangeInfo{bd3a1a9 container=ActivityRecord{39557360 u0 com.android.launcher/.Launcher t5} flags=0x0}
                                                                                                       ChangeInfo{613832e container=WallpaperWindowToken{3c747bc showWhenLocked=false} flags=0x0}
                                                                                                       ChangeInfo{bdb0ecf container=ActivityRecord{68611226 u0 com.doubao.helper/.MainActivity t67739} flags=0x0}
                                                                                                       ChangeInfo{abb3808 container=Task{49f712e #67739 type=standard A=10396:com.doubao.helper} flags=0x30}
                                                                                                       ChangeInfo{de2905c container=Display{#0 state=ON size=2772x1240 ROTATION_90} flags=0x0}
                                                                                                       ChangeInfo{49baf65 container=OneHanded:0:14@105259394 flags=0x0}
                                                                                                       ChangeInfo{2d8a43a container=DefaultTaskDisplayArea@128232737 flags=0x0}
                                                                                                       ChangeInfo{af97ba1 container=Task{7e4f84c #1 type=home} flags=0x10}
                                                                                                       ChangeInfo{723c8eb container=Task{d5a1fd2 #5 type=undefined I=com.android.launcher/.Launcher} flags=0x10}
                                                                                                       ChangeInfo{2365648 container=WallpaperWindowToken{fb28de2 showWhenLocked=true} flags=0x0}
                                                                                                    ]
                                                                                                    }
2026-06-15 10:18:23.137  3356-3440  WindowManager           system_server                        D  onSyncFinishedDrawing: Window{4a48716 u0 Splash Screen com.doubao.helper}
2026-06-15 10:18:23.140  3356-3440  Transition              system_server                        D  collectOrderChanges onTopTasksEnd: [Task{49f712e #67739 type=standard A=10396:com.doubao.helper}], reportedOnTop:null, mOnTopTasksStart: [Task{49f712e #67739 type=standard A=10396:com.doubao.helper}], TDA child: [Task{367fa33 #2 type=undefined}, Task{b781f3 #67737 type=standard A=1000:com.android.settings}, Task{94a55de #67727 type=standard A=10463:com.larus.nova}, Task{7e4f84c #1 type=home}, Task{49f712e #67739 type=standard A=10396:com.doubao.helper}]
2026-06-15 10:18:23.141  3356-3440  OplusFlexi...ionManager system_server                        D  fixTransitType type result:6, targets: [ChangeInfo{a666cd2 container=Task{49f712e #67739 type=standard A=10396:com.doubao.helper} flags=0x0}, ChangeInfo{f3081a3 container=DefaultTaskDisplayArea@128232737 flags=0x10}, ChangeInfo{6390ca0 container=OneHanded:0:14@105259394 flags=0x0}, ChangeInfo{be35059 container=Display{#0 state=ON size=2772x1240 ROTATION_90} flags=0x1}]
2026-06-15 10:18:23.141  3356-3440  OplusSplit...gerService system_server                        D  com.doubao.helper supportsSplitScreen by forceResizable activity return:true
2026-06-15 10:18:23.142  3356-3440  OplusTrans...Controller system_server                        D  onTransactionReady, transition: 174, info: {id=174 t=CHANGE f=0x0 trk=0 r=[0@Point(0, 0)] c=[{WCT{RemoteToken{920e651 Task{49f712e #67739 type=standard A=10396:com.doubao.helper}}} m=CHANGE f=NONE p=WCT{RemoteToken{db7486f DefaultTaskDisplayArea@128232737}} leash=Surface(name=Task=67739)/@0xbb7effd sb=Rect(0, 0 - 1240, 2772) eb=Rect(0, 0 - 2772, 1240) epz=Point(2772, 1240) d=0 r=0->1:0 taskParent=-1},{WCT{RemoteToken{db7486f DefaultTaskDisplayArea@128232737}} m=CHANGE f=FLAG_IS_TASK_DISPLAY_AREA p=WCT{RemoteToken{3f5d97c OneHanded:0:14@105259394}} leash=Surface(name=DefaultTaskDisplayArea)/@0xc8a9a49 sb=Rect(0, 0 - 1240, 2772) eb=Rect(0, 0 - 2772, 1240) epz=Point(2772, 1240) d=0 r=0->1:-1},{WCT{RemoteToken{3f5d97c OneHanded:0:14@105259394}} m=CHANGE f=NONE p=WCT{RemoteToken{9d99205 Display{#0 state=ON size=2772x1240 ROTATION_90}}} leash=Surface(name=OneHanded:0:14)/@0xf7c1f4e sb=Rect(0, 0 - 1240, 2772) eb=Rect(0, 0 - 2772, 1240) epz=Point(2772, 1240) d=0 r=0->1:-1},{WCT{RemoteToken{9d99205 Display{#0 state=ON size=2772x1240 ROTATION_90}}} m=CHANGE f=IS_DISPLAY leash=Surface(name=WindowedMagnification:0:64)/@0x4ca9523 sb=Rect(0, 0 - 1240, 2772) eb=Rect(0, 0 - 2772, 1240) epz=Point(2772, 1240) d=0 r=0->1:3}] 
                                                                                                    extendInfo=[
                                                                                                     OplusTransitionExtendedInfo{mTmpFinishT=null, mInOplusCompatMode=false, mIsProcessRunning=false, mHasMismatchBoundsTarget=false, mRecentsController=null, mRemoteTransition=null, mIsTranslucentActivityToHome=false, mAvoidInterceptKeyEventToHome=false, mIsFromHome=false, mParentLeash=null, mBackAnimClosingLeash=null, mIsOplusAnimRes=false, mKeepBgForContinuous=false, mIsBalAllow=false, mTaskNotInRecent=false, mIsPredictiveBackAnim=false, mIsMergedWithPredictive=false, mIsLaunchFromSpruce=false, mIsLaunchFromDrive=false, mGlobalSearchPageSwitch=false, mNeedNoAlphaGlobalSearchScene=false, mAssistScreenShowing=false, mSwipeUpBrowserScreenShowing=false, mUserIdTransition=0
