2026-06-15 10:18:22.263  8711-15153 OplusAtlasFeedback      com.oplus.persist.multimedia         D  callback success event:atlas_event_atlasserver_feedback eventInfo:MM_FB_EventID#22003#pkgName#com.doubao.helper#event#auto_brightness#event_time#06-15 10:11:42.383#from#47.986847#to#42.152744#auto_mode#true#before_env_luxs#26 26 26 26 26 26 26 26 26 26#curr_env_luxs#26 26 26 26 26 26 26 26 26 26#event_all_data#TargetChangeEvent{mEventType=TARGET_CHANGED, mTimeStamp=20827943, state=2, currNit=47.986847, targetNit=42.152744, byUser=false, reason=4, displayId=0}#lcd_manu#TM1240#backlight_ver#20220304#upload_time#06-15 10:18#upload_reason#cache_full
2026-06-15 10:18:22.263  8711-15696 OplusAtlasFeedback      com.oplus.persist.multimedia         D  uploadMMCollectData MM_FB_EventID#22003#pkgName#com.doubao.helper#event#auto_brightness#event_time#06-15 10:11:42.383#from#47.986847#to#42.152744#auto_mode#true#before_env_luxs#26 26 26 26 26 26 26 26 26 26#curr_env_luxs#26 26 26 26 26 26 26 26 26 26#event_all_data#TargetChangeEvent{mEventType=TARGET_CHANGED, mTimeStamp=20827943, state=2, currNit=47.986847, targetNit=42.152744, byUser=false, reason=4, displayId=0}#lcd_manu#TM1240#backlight_ver#20220304#upload_time#06-15 10:18#upload_reason#cache_full
2026-06-15 10:18:22.265  8711-15153 OplusAtlasFeedback      com.oplus.persist.multimedia         D  callback success event:atlas_event_atlasserver_feedback eventInfo:MM_FB_EventID#22003#pkgName#com.doubao.helper#event#auto_brightness#event_time#06-15 10:13:32.391#from#42.152744#to#2.0#auto_mode#true#before_env_luxs#26 26 26 26 26 26 26 26 26 26#curr_env_luxs#26 26 26 26 26 26 26 26 26 26#event_all_data#TargetChangeEvent{mEventType=TARGET_CHANGED, mTimeStamp=20937950, state=2, currNit=42.152744, targetNit=2.0, byUser=false, reason=4, displayId=0}#lcd_manu#TM1240#backlight_ver#20220304#upload_time#06-15 10:18#upload_reason#cache_full
2026-06-15 10:18:22.266  8711-15696 OplusAtlasFeedback      com.oplus.persist.multimedia         D  uploadMMCollectData MM_FB_EventID#22003#pkgName#com.doubao.helper#event#auto_brightness#event_time#06-15 10:13:32.391#from#42.152744#to#2.0#auto_mode#true#before_env_luxs#26 26 26 26 26 26 26 26 26 26#curr_env_luxs#26 26 26 26 26 26 26 26 26 26#event_all_data#TargetChangeEvent{mEventType=TARGET_CHANGED, mTimeStamp=20937950, state=2, currNit=42.152744, targetNit=2.0, byUser=false, reason=4, displayId=0}#lcd_manu#TM1240#backlight_ver#20220304#upload_time#06-15 10:18#upload_reason#cache_full
2026-06-15 10:18:22.268  8711-15153 OplusAtlasFeedback      com.oplus.persist.multimedia         D  callback success event:atlas_event_atlasserver_feedback eventInfo:MM_FB_EventID#22003#pkgName#com.doubao.helper#event#auto_brightness#event_time#06-15 10:15:19.461#from#42.152744#to#29.930464#auto_mode#true#before_env_luxs#26 26 26 26 26 26 26 26 26 26#curr_env_luxs#26 26 26 26 26 26 26 26 26 26#event_all_data#TargetChangeEvent{mEventType=TARGET_CHANGED, mTimeStamp=21045020, state=2, currNit=42.152744, targetNit=29.930464, byUser=false, reason=4, displayId=0}#lcd_manu#TM1240#backlight_ver#20220304#upload_time#06-15 10:18#upload_reason#cache_full
2026-06-15 10:18:22.269  8711-15696 OplusAtlasFeedback      com.oplus.persist.multimedia         D  uploadMMCollectData MM_FB_EventID#22003#pkgName#com.doubao.helper#event#auto_brightness#event_time#06-15 10:15:19.461#from#42.152744#to#29.930464#auto_mode#true#before_env_luxs#26 26 26 26 26 26 26 26 26 26#curr_env_luxs#26 26 26 26 26 26 26 26 26 26#event_all_data#TargetChangeEvent{mEventType=TARGET_CHANGED, mTimeStamp=21045020, state=2, currNit=42.152744, targetNit=29.930464, byUser=false, reason=4, displayId=0}#lcd_manu#TM1240#backlight_ver#20220304#upload_time#06-15 10:18#upload_reason#cache_full
2026-06-15 10:18:22.269  8711-15153 OplusAtlasFeedback      com.oplus.persist.multimedia         D  callback success event:atlas_event_atlasserver_feedback eventInfo:MM_FB_EventID#22003#pkgName#com.doubao.helper#event#auto_brightness#event_time#06-15 10:15:19.513#from#29.930464#to#58.78137#auto_mode#true#before_env_luxs#26 26 26 26 26 26 26 26 26 26#curr_env_luxs#26 26 26 26 26 26 26 26 26 26#event_all_data#TargetChangeEvent{mEventType=TARGET_CHANGED, mTimeStamp=21045066, state=2, currNit=29.930464, targetNit=58.78137, byUser=false, reason=4, displayId=0}#lcd_manu#TM1240#backlight_ver#20220304#upload_time#06-15 10:18#upload_reason#cache_full
2026-06-15 10:18:22.269  8711-15696 OplusAtlasFeedback      com.oplus.persist.multimedia         D  uploadMMCollectData MM_FB_EventID#22003#pkgName#com.doubao.helper#event#auto_brightness#event_time#06-15 10:15:19.513#from#29.930464#to#58.78137#auto_mode#true#before_env_luxs#26 26 26 26 26 26 26 26 26 26#curr_env_luxs#26 26 26 26 26 26 26 26 26 26#event_all_data#TargetChangeEvent{mEventType=TARGET_CHANGED, mTimeStamp=21045066, state=2, currNit=29.930464, targetNit=58.78137, byUser=false, reason=4, displayId=0}#lcd_manu#TM1240#backlight_ver#20220304#upload_time#06-15 10:18#upload_reason#cache_full
2026-06-15 10:18:22.271  8711-15153 OplusAtlasFeedback      com.oplus.persist.multimedia         D  callback success event:atlas_event_atlasserver_feedback eventInfo:MM_FB_EventID#22003#pkgName#com.doubao.helper#event#auto_brightness#event_time#06-15 10:16:25.839#from#56.267815#to#41.474094#auto_mode#true#before_env_luxs#26 26 26 26 26 26 26 26 26 26#curr_env_luxs#26 26 26 26 26 26 26 26 26 26#event_all_data#TargetChangeEvent{mEventType=TARGET_CHANGED, mTimeStamp=21111398, state=2, currNit=56.267815, targetNit=41.474094, byUser=false, reason=4, displayId=0}#lcd_manu#TM1240#backlight_ver#20220304#upload_time#06-15 10:18#upload_reason#cache_full
2026-06-15 10:18:22.273  8711-15696 OplusAtlasFeedback      com.oplus.persist.multimedia         D  uploadMMCollectData MM_FB_EventID#22003#pkgName#com.doubao.helper#event#auto_brightness#event_time#06-15 10:16:25.839#from#56.267815#to#41.474094#auto_mode#true#before_env_luxs#26 26 26 26 26 26 26 26 26 26#curr_env_luxs#26 26 26 26 26 26 26 26 26 26#event_all_data#TargetChangeEvent{mEventType=TARGET_CHANGED, mTimeStamp=21111398, state=2, currNit=56.267815, targetNit=41.474094, byUser=false, reason=4, displayId=0}#lcd_manu#TM1240#backlight_ver#20220304#upload_time#06-15 10:18#upload_reason#cache_full
2026-06-15 10:18:22.500  3356-6321  FlexibleTaskController  system_server                        D  onStartActivityFromRecents task:Task{49f712e #67739 type=standard A=10396:com.doubao.helper}, options:ActivityOptions(137613743), mPackageName=null, mAnimationType=13, mStartX=0, mStartY=0, mWidth=0, mHeight=0, mLaunchDisplayId=0 ,taskForceMaximized:false ,isFlexibleTask:false ,pendingLaunchZoom:false ,zoomLaunchFlags:3 ,forceLaunchZoom:false
2026-06-15 10:18:22.500  3356-6321  TaskFragmentExtImpl     system_server                        I  reset pause in recents anim for mTaskFragment: Task{49f712e #67739 type=standard A=10396:com.doubao.helper}
2026-06-15 10:18:22.501  3356-6321  OplusAppQu...Controller system_server                        E  notifyStartActivityFromRecents task:Task{49f712e #67739 type=standard A=10396:com.doubao.helper} mStartFromRecents:true mStartFromSlide:false callingUid:10179
2026-06-15 10:18:22.503  3356-6321  WindowManager           system_server                        D  NFW_setClientVisible:ActivityRecord{68611226 u0 com.doubao.helper/.MainActivity clientVisible:true
2026-06-15 10:18:22.503  3356-6321  OplusCompa...gerService system_server                        D  getRequestedConfigurationOrientation  res:2,req:0,config.old:0,config.new:0,ActivityRecord{68611226 u0 com.doubao.helper/.MainActivity t-1}
2026-06-15 10:18:22.503  3356-6321  OplusCompa...gerService system_server                        D   onPreActivityRecordConfigurationChanged {0.0 ?mcc??mnc ?localeList ?layoutDir ?swdp ?wdp ?hdp ?density ?lsize ?long ?ldr ?wideColorGamut ?orien ?uimode ?night ?touch ?keyb/?/? ?nav/? winConfig={ mBounds=Rect(0, 0 - 0, 0) mAppBounds=null mMaxBounds=Rect(0, 0 - 0, 0) mDisplayRotation=undefined mWindowingMode=undefined mActivityType=undefined mAlwaysOnTop=undefined mRotation=undefined} ?fontWeightAdjustmentmThemeChanged= 0, mThemeChangedFlags= 0, mFlipFont= 0, mScenario= -1, mAccessibleChanged= 0, mUxIconConfig= 0, mMaterialColor= ffffffffffffffff, mUserId= -1, mFontUserId= -1, mFontVariationSettings= ffffffff, mFoldingAngle = -1.0, mIconPackName= , mDarkModeBackgroundMaxL= -1.0, mDarkModeDialogBgMaxL= -1.0, mDarkModeForegroundMinL= -1.0, mOplusConfigType= 0, mOplusChangedConfigs= 0, OpSans= -1, mBurmeseFontFlag= -1, mFlag= 0, mExtraFlag= 0, mFlexibleActivitySuitable= -1, mPuttDisplayFlag= -1}
                                                                                                     disable:true,valid:false,computeReq:2,isGameRatio:false
                                                                                                     getOverrideMinAspectRatioForCompatMode: 0.0 getRawOverrideMinAspectRatioForCompatMode: 0.0
                                                                                                     ar : ActivityRecord{68611226 u0 com.doubao.helper/.MainActivity t-1} displayId:-1 inCompatMode: false
2026-06-15 10:18:22.504  3356-6321  FlexibleTaskController  system_server                        D  isSupportFlexibleWindow target = com.doubao.helper/.MainActivity callPkg = FlexibleTaskController support = true ,caller = 3356
2026-06-15 10:18:22.508  3356-6321  ActivityStarterExtImpl  system_server                        D  setForceUpdateWindow, targetTask = Task{49f712e #67739 type=standard A=10396:com.doubao.helper} r = ActivityRecord{68611226 u0 com.doubao.helper/.MainActivity t-1} notFinish =false
2026-06-15 10:18:22.508  3356-6321  FlexibleTaskController  system_server                        D  isSupportFlexibleWindow target = com.doubao.helper/.MainActivity callPkg = FlexibleTaskController support = true ,caller = 3356
2026-06-15 10:18:22.508  3356-6321  FlexibleWi...gerService system_server                        D  no reused task found for ActivityRecord{68611226 u0 com.doubao.helper/.MainActivity t-1}
2026-06-15 10:18:22.508  3356-7631  OPM                     system_server                        I  handleActivityStart : ActivityRecord{68611226 u0 com.doubao.helper/.MainActivity t-1}
2026-06-15 10:18:22.508  3356-6321  OplusSplit...gerService system_server                        D  com.doubao.helper supportsSplitScreen by forceResizable activity return:true
2026-06-15 10:18:22.509  3356-6321  OplusCompa...gerService system_server                        D  getRequestedConfigurationOrientation  res:2,req:0,config.old:0,config.new:1,ActivityRecord{68611226 u0 com.doubao.helper/.MainActivity t67739}
2026-06-15 10:18:22.509  3356-6321  OplusCompa...gerService system_server                        D   onPreActivityRecordConfigurationChanged {1.0 ?mcc??mnc [zh_CN] ldltr sw354dp w354dp h792dp 560dpi nrml long hdr widecg port finger -keyb/v/h -nav/h winConfig={ mBounds=Rect(0, 0 - 1240, 2772) mAppBounds=Rect(0, 0 - 1240, 2772) mMaxBounds=Rect(0, 0 - 1240, 2772) mDisplayRotation=ROTATION_0 mWindowingMode=fullscreen mActivityType=standard mAlwaysOnTop=undefined mRotation=ROTATION_0} s.8871 fontWeightAdjustment=0mThemeChanged= 0, mThemeChangedFlags= 0, mFlipFont= 0, mScenario= 0, mAccessibleChanged= -1, mUxIconConfig= 1e177015e00020, mMaterialColor= 0, mUserId= 0, mFontUserId= 0, mFontVariationSettings= 11a9, mFoldingAngle = -1.0, mIconPackName= , mDarkModeBackgroundMaxL= 0.0, mDarkModeDialogBgMaxL= 27.0, mDarkModeForegroundMinL= 100.0, mOplusConfigType= 1, mOplusChangedConfigs= 0, OpSans= -1, mBurmeseFontFlag= 2, mFlag= 0, mExtraFlag= 0, mFlexibleActivitySuitable= -1, mPuttDisplayFlag= -1}
                                                                                                     disable:true,valid:false,computeReq:2,isGameRatio:false
                                                                                                     getOverrideMinAspectRatioForCompatMode: 0.0 getRawOverrideMinAspectRatioForCompatMode: 0.0
                                                                                                     ar : ActivityRecord{68611226 u0 com.doubao.helper/.MainActivity t67739} displayId:0 inCompatMode: false
2026-06-15 10:18:22.510  3356-6321  OplusSplit...gerService system_server                        D  com.doubao.helper supportsSplitScreen by forceResizable activity return:true
2026-06-15 10:18:22.510  3356-6321  OplusSplit...gerService system_server                        D  com.doubao.helper supportsSplitScreen by forceResizable activity return:true
2026-06-15 10:18:22.510  3356-6321  ActivityTaskManager     system_server                        D  validateStartingWindowTheme:  Pkg=com.doubao.helper, Translucent=false, Floating=false, ShowWallpaper=false, Disable=false, LaunchSource=2, Prev=null, LaunchedFromPackage=com.android.launcher
2026-06-15 10:18:22.510  3356-6321  ActivityTaskManager     system_server                        D  addStartingWindow for ActivityRecord{68611226 u0 com.doubao.helper/.MainActivity t67739}, mainWin=null, state=INITIALIZING, isKeyguardLocked=false, isKeyguardGoingAway=false
2026-06-15 10:18:22.512  3356-6321  OplusSplit...gerService system_server                        D  com.doubao.helper supportsSplitScreen by forceResizable activity return:true
2026-06-15 10:18:22.512  3356-6321  TaskOrganizerController system_server                        D  TaskOrganizerController.addStartingWindow: call wmshell to addStartingWindow:ActivityRecord{68611226 u0 com.doubao.helper/.MainActivity t67739}
2026-06-15 10:18:22.515  3356-6321  ActivityTaskManager     system_server                        D  setAppVisibility(Token{82c88c1 ActivityRecord{68611226 u0 com.doubao.helper/.MainActivity t67739}}, visible=true):  visible=false mVisibleRequested=false
2026-06-15 10:18:22.515  3356-6321  ActivityTaskManager     system_server                        D  setVisibility(Token{82c88c1 ActivityRecord{68611226 u0 com.doubao.helper/.MainActivity t67739}}, visible=true) defer commitVisibility for transition collecting
2026-06-15 10:18:22.516  3356-6321  OplusHansManager        system_server                        I  front pkg: com.doubao.helper, uid: 10396, prev pkg: com.android.launcher, prev uid: 10179
2026-06-15 10:18:22.517  3356-6835  [UAH_CLIENT]            system_server                        I  UahEventAcquire, cmdid:1, pkg:com.doubao.helper, identity:com.android.server.wm
2026-06-15 10:18:22.517  3356-6321  adaptiveSmoothAnim      system_server                        E  onPreTransactionReady not support, startActivity:ActivityRecord{68611226 u0 com.doubao.helper/.MainActivity t67739} requestTransitionActivity:ActivityRecord{68611226 u0 com.doubao.helper/.MainActivity t67739} hasRecentTransition:false remoteTransition:RemoteTransition { remoteTransition = android.window.IRemoteTransition$Stub$Proxy@f02849f, appThread = android.app.IApplicationThread$Stub$Proxy@a7519ec, debugName = QuickstepLaunch } isOpenFromLauncher:true launcherSupportIconAnim: false
2026-06-15 10:18:22.517  3356-6321  OplusSplit...gerService system_server                        D  com.doubao.helper supportsSplitScreen by forceResizable activity return:true
2026-06-15 10:18:22.518  3356-6321  OplusSplit...gerService system_server                        D  com.doubao.helper supportsSplitScreen by forceResizable activity return:true
2026-06-15 10:18:22.519  3356-6321  ActivityTaskManager     system_server                        I  START u0 {act=android.intent.action.MAIN cat=[android.intent.category.LAUNCHER] flg=0x10300000 xflg=0x4 cmp=com.doubao.helper/.MainActivity (has extras) mCallingUid=1000} with LAUNCH_MULTIPLE from uid 10179 (BAL_ALLOW_VISIBLE_WINDOW (callingUid has visible window)) result code=0
2026-06-15 10:18:22.520  7011-7077  WindowManagerShell      com.android.systemui                 V  Transition requested (#173): android.os.BinderProxy@db0080b TransitionRequestInfo { type = OPEN, triggerTask = TaskInfo{userId=0 taskId=67739 effectiveUid=10396 displayId=0 isRunning=true baseIntent=Intent { act=android.intent.action.MAIN cat=[android.intent.category.LAUNCHER] flg=0x10300000 cmp=com.doubao.helper/.MainActivity mCallingUid=10179 } baseActivity=ComponentInfo{com.doubao.helper/com.doubao.helper.MainActivity} topActivity=ComponentInfo{com.doubao.helper/com.doubao.helper.MainActivity} origActivity=null realActivity=ComponentInfo{com.doubao.helper/com.doubao.helper.MainActivity}
                                                                                                     numActivities=1 lastActiveTime=21218158 supportsSplitScreenMultiWindow=true supportsMultiWindow=true supportsPocketStudioMultiWindow=true isInFlexibleEmbedded = false uid = 10396 pid = 0 resizeMode=1 isResizeable=true minWidth=-1 minHeight=-1 defaultMinSize=220 token=WCT{android.window.IWindowContainerToken$Stub$Proxy@9e8f6e8} topActivityType=1 pictureInPictureParams=null shouldDockBigOverlays=false launchIntoPipHostTaskId=-1 lastParentTaskIdBeforePip=-1 displayCutoutSafeInsets=Rect(0, 138 - 0, 0)
                                                                                                     topActivityInfo=ActivityInfo{2dc0101 com.doubao.helper.MainActivity} launchCookies=[] positionInParent=Point(0, 0) parentTaskId=-1 isFocused=false isVisible=false isVisibleRequested=true isTopActivityNoDisplay=false isSleeping=false locusId=null displayAreaFeatureId=1 isTopActivityTransparent=false isActivityStackTransparent=false lastNonFullscreenBounds=Rect(95, 1175 - 1145, 1679) capturedLink=null capturedLinkTimestamp=0 requestedVisibleTypes=-9 topActivityRequestOpenInBrowserEducationTimestamp=0
                                                                                                     appCompatTaskInfo=AppCompatTaskInfo { topActivityInSizeCompat=false topActivityInOplusCompatMode=false eligibleForLetterboxEducation= false isLetterboxEducationEnabled= false isLetterboxDoubleTapEnabled= false eligibleForUserAspectRatioButton= false topActivityBoundsLetterboxed= false isFromLetterboxDoubleTap= false topActivityLetterboxVerticalPosition= -1 topActivityLetterboxHorizontalPosition= -1 topActivityLetterboxWidth=-1 topActivityLetterboxHeight=-1 topActivityAppBounds=Rect(0, 0 - 1240, 2772) isUserFullscreenOverrideEnabled=false isSystemFullscreenOverrideEnabled=false hasMinAspectRatioOverride=false topActivityLetterboxBounds=null cameraCompatTaskInfo=CameraCompatTaskInfo { freeformCameraCompatMode=inactive}} topActivityMainWindowFrame=null topActivityLetterboxInsets=Rect(0, 0 - 0, 0)
                                                                                                     mOplusExtraBundle = Bundle[mParcelledData.dataSize=1464]}, pipChange = null, remoteTransition = RemoteTransition { remoteTransition = android.window.IRemoteTransition$Stub$Proxy@7c0eba6, appThread = android.app.IApplicationThread$Stub$Proxy@d5519e7, debugName = QuickstepLaunch }, displayChange = null, flags = 0, debugId = 173 }
2026-06-15 10:18:22.522  7011-7109  WindowManager           com.android.systemui                 D  Add to mViews: android.widget.FrameLayout{a2e0b8c V.E...... ......I. 0,0-0,0 alpha=1.0 viewInfo = },pkg= com.doubao.helper
2026-06-15 10:18:22.523  3356-7140  Osense-Bas...isionMaker system_server                        I  notifySceneToAthenaPolicy: SCENE_APP_SWITCH, bundle: Bundle[{prevPkgName=com.android.launcher, curUid=10396, isGame=false, curPkgName=com.doubao.helper, prevUid=10179}]
2026-06-15 10:18:22.524  3356-7631  OPM-Process             system_server                        I  resume pkg: com.doubao.helper, uid:10396, prev pkg: com.android.launcher, prev uid: 10179
2026-06-15 10:18:22.524  7645-28768 iopgp                   iopgp                                I  Iopgp: TRANSACTION_IOPGP_PRELOAD Sequence_id = 14 pkg_name = com.doubao.helper uid = 10396 size = 1 isProfile = 1
2026-06-15 10:18:22.526  3356-7539  AppSnapshotController   system_server                        I  attachStartingWindow, win = Window{4a48716 u0 Splash Screen com.doubao.helper}, shouldAppSnapshot = false
2026-06-15 10:18:22.526  3356-8794  OPM                     system_server                        D  notifyPreloadResult com.doubao.helper, type: 2, success: true, res: 0
2026-06-15 10:18:22.526  3356-7539  ActivityTaskManager     system_server                        D  attachStartingWindow: mStartingData=SplashScreenStartingData{2d9fea2 removeAfterTransaction= 0}, mAssociatedTask=null, mStartingWindow=Window{4a48716 u0 Splash Screen com.doubao.helper}
2026-06-15 10:18:22.526  3356-7539  WindowManager           system_server                        I  addWindow: New client android.os.BinderProxy@c482431 : window=Window{4a48716 u0 Splash Screen com.doubao.helper}
2026-06-15 10:18:22.527  3356-7539  WindowManager           system_server                        W  Apply fixed rotation transform to ActivityRecord{68611226 u0 com.doubao.helper/.MainActivity t67739}. Preferred rotation:1, Current rotation:0, info.rotation:1
2026-06-15 10:18:22.527  3356-7539  OplusCompa...gerService system_server                        D  getRequestedConfigurationOrientation  res:2,req:0,config.old:1,config.new:1,ActivityRecord{68611226 u0 com.doubao.helper/.MainActivity t67739}
2026-06-15 10:18:22.527  3356-7539  OplusCompa...gerService system_server                        D   onPreActivityRecordConfigurationChanged {1.0 ?mcc??mnc [zh_CN] ldltr sw354dp w354dp h792dp 560dpi nrml long hdr widecg port finger -keyb/v/h -nav/h winConfig={ mBounds=Rect(0, 0 - 1240, 2772) mAppBounds=Rect(0, 0 - 1240, 2772) mMaxBounds=Rect(0, 0 - 1240, 2772) mDisplayRotation=ROTATION_0 mWindowingMode=fullscreen mActivityType=standard mAlwaysOnTop=undefined mRotation=ROTATION_0} s.8871 fontWeightAdjustment=0mThemeChanged= 0, mThemeChangedFlags= 0, mFlipFont= 0, mScenario= 0, mAccessibleChanged= -1, mUxIconConfig= 1e177015e00020, mMaterialColor= 0, mUserId= 0, mFontUserId= 0, mFontVariationSettings= 11a9, mFoldingAngle = -1.0, mIconPackName= , mDarkModeBackgroundMaxL= 0.0, mDarkModeDialogBgMaxL= 27.0, mDarkModeForegroundMinL= 100.0, mOplusConfigType= 1, mOplusChangedConfigs= 0, OpSans= -1, mBurmeseFontFlag= 2, mFlag= 0, mExtraFlag= 0, mFlexibleActivitySuitable= -1, mPuttDisplayFlag= -1}
                                                                                                     disable:true,valid:false,computeReq:2,isGameRatio:false
                                                                                                     getOverrideMinAspectRatioForCompatMode: 0.0 getRawOverrideMinAspectRatioForCompatMode: 0.0
                                                                                                     ar : ActivityRecord{68611226 u0 com.doubao.helper/.MainActivity t67739} displayId:0 inCompatMode: false
2026-06-15 10:18:22.530  3356-7539  WindowManager           system_server                        D  updateOrientation: stop for launching different orientation app. topCandidate = ActivityRecord{68611226 u0 com.doubao.helper/.MainActivity t67739} hasFixedRotationTransform = true rotation = 1 r = ActivityRecord{68611226 u0 com.doubao.helper/.MainActivity t67739} hasFixedRotationTransform = true rotation = 1 mFixedRotationLaunchingApp = ActivityRecord{68611226 u0 com.doubao.helper/.MainActivity t67739} curRotation = 0
2026-06-15 10:18:22.532  3356-6321  OplusSplit...gerService system_server                        D  com.doubao.helper supportsSplitScreen by forceResizable activity return:true
2026-06-15 10:18:22.532  3356-6321  OplusSplit...gerService system_server                        D  com.doubao.helper supportsSplitScreen by forceResizable activity return:true
2026-06-15 10:18:22.532  3356-6321  FlexibleWi...gerService system_server                        D  should not dispatch appeared task Task{49f712e #67739 type=standard A=10396:com.doubao.helper}
2026-06-15 10:18:22.533  7011-7109  ViewRootImplExtImpl     com.android.systemui                 D  wrapConfigInfoIntoFlags rotation=0, smallestScreenWidthDp=0, residentWS=false, scenario=0, bounds=Rect(0, 0 - 1240, 2772), relayoutAsync=false, flags=0, newFlags=1453326336, title=Splash Screen com.doubao.helper
2026-06-15 10:18:22.535  3356-3441  ActivityTaskManager     system_server                        D  commitVisibility: ActivityRecord{68611226 u0 com.doubao.helper/.MainActivity t67739}: visible=true visibleRequested=true, isInTransition=true 
2026-06-15 10:18:22.535  3356-3441  Transition              system_server                        D  collectOrderChanges onTopTasksEnd: [Task{49f712e #67739 type=standard A=10396:com.doubao.helper}], reportedOnTop:null, mOnTopTasksStart: [Task{7e4f84c #1 type=home}, Task{d5a1fd2 #5 type=undefined I=com.android.launcher/.Launcher}], TDA child: [Task{367fa33 #2 type=undefined}, Task{b781f3 #67737 type=standard A=1000:com.android.settings}, Task{94a55de #67727 type=standard A=10463:com.larus.nova}, Task{7e4f84c #1 type=home}, Task{49f712e #67739 type=standard A=10396:com.doubao.helper}]
2026-06-15 10:18:22.535  3356-3441  Transition              system_server                        D  collectOrderChanges **mParticipants add task: Task{49f712e #67739 type=standard A=10396:com.doubao.helper}
2026-06-15 10:18:22.535  3356-3441  OplusFlexi...ionManager system_server                        D  fixTransitType type result:1, targets: [ChangeInfo{abb3808 container=Task{49f712e #67739 type=standard A=10396:com.doubao.helper} flags=0x30}, ChangeInfo{af97ba1 container=Task{7e4f84c #1 type=home} flags=0x10}]
2026-06-15 10:18:22.537  3356-3441  OplusSplit...gerService system_server                        D  com.doubao.helper supportsSplitScreen by forceResizable activity return:true
2026-06-15 10:18:22.538  3356-3441  OplusTrans...Controller system_server                        D  onTransactionReady, transition: 173, info: {id=173 t=OPEN f=0x0 trk=0 r=[0@Point(0, 0)] c=[{WCT{RemoteToken{920e651 Task{49f712e #67739 type=standard A=10396:com.doubao.helper}}} m=TO_FRONT f=MOVE_TO_TOP leash=Surface(name=Task=67739)/@0xbb7effd sb=Rect(0, 0 - 1240, 2772) eb=Rect(0, 0 - 1240, 2772) epz=Point(1240, 2772) d=0 endFixedRotation=1 taskParent=-1},{WCT{RemoteToken{580078e Task{7e4f84c #1 type=home}}} m=TO_BACK f=SHOW_WALLPAPER leash=Surface(name=Task=1)/@0x6a88d53 sb=Rect(0, 0 - 1240, 2772) eb=Rect(0, 0 - 1240, 2772) epz=Point(1240, 2772) d=0 taskParent=-1}] 
                                                                                                    extendInfo=[
                                                                                                     OplusTransitionExtendedInfo{mTmpFinishT=null, mInOplusCompatMode=false, mIsProcessRunning=false, mHasMismatchBoundsTarget=false, mRecentsController=null, mRemoteTransition=null, mIsTranslucentActivityToHome=false, mAvoidInterceptKeyEventToHome=false, mIsFromHome=true, mParentLeash=null, mBackAnimClosingLeash=null, mIsOplusAnimRes=false, mKeepBgForContinuous=false, mIsBalAllow=false, mTaskNotInRecent=false, mIsPredictiveBackAnim=false, mIsMergedWithPredictive=false, mIsLaunchFromSpruce=false, mIsLaunchFromDrive=false, mGlobalSearchPageSwitch=false, mNeedNoAlphaGlobalSearchScene=false, mAssistScreenShowing=false, mSwipeUpBrowserScreenShowing=false, mUserIdTransition=0
                                                                                                    , mInRemoteScene=false, mInPreReady=false, mPreStart=false, mToken=null, mAbortByRemoteFromHome=false, mShellApplyToken=null, mRequestTransitionTaskId=67739, mAbortTransitionOnShell=0, mStartFromShortcut=false, mRemovedTaskId=-1, mTransitionInterruptType=0, mMergeSecondTaskId=-1, mTaskIdStartFromRecents=0, mTransitionId=173, mCanUseSpringSlideAnim=false, mTransitionLaunchFrom=0, mFoldChangeType=-1, mAnimStartingPosition=[0, 0, 0, 0], mIsOpeningStkDialogActivity=false, mSecondaryHomeToFrontWhenUnFolding=false, mIsNeedApplyStartTForEmbedded=false
                                                                                                    , mNeedCanvasExitAnim=false, mMergeSecondTaskAnimation=false, mIsLaunchUnityStart=false, mIsLaunchFromAssistantByDefault=false, mSkipRemoteTransitionfalse, mIsStartFromKeyguard=false flags=0x0, mWCT=null, mIsOpenMergeToInValidPredictive=false}]}, targets : [ChangeInfo{abb3808 container=Task{49f712e #67739 type=standard A=10396:com.doubao.helper} flags=0x30}, ChangeInfo{af97ba1 container=Task{7e4f84c #1 type=home} flags=0x10}], participants: {ActivityRecord{39557360 u0 com.android.launcher/.Launcher t5}, WallpaperWindowToken{3c747bc showWhenLocked=false}, ActivityRecord{68611226 u0 com.doubao.helper/.MainActivity t67739}, Task{49f712e #67739 type=standard A=10396:com.doubao.helper}, WallpaperWindowToken{fb28de2 showWhenLocked=true}}
2026-06-15 10:18:22.541  3356-3441  OplusSplit...gerService system_server                        D  com.doubao.helper supportsSplitScreen by forceResizable activity return:true
2026-06-15 10:18:22.541  3356-3441  OplusSplit...gerService system_server                        D  com.doubao.helper supportsSplitScreen by forceResizable activity return:true
2026-06-15 10:18:22.541  3356-9073  WindowManager           system_server                        V  Relayout Window{4a48716 u0 Splash Screen com.doubao.helper}: viewVisibility=0, oldvis=0, req=1240x2772 , apr = 8, vsysui=, x=0, y=0
2026-06-15 10:18:22.541  3356-9073  WindowManager           system_server                        I  Window{4a48716 u0 Splash Screen com.doubao.helper} state from NO_SURFACE to DRAW_PENDING; reason: resetDrawState
2026-06-15 10:18:22.544  3356-3437  WindowManager           system_server                        V  Sent Transition (#173) createdAt=06-15 10:18:22.507 via request=TransitionRequestInfo { type = OPEN, triggerTask = TaskInfo{userId=0 taskId=67739 effectiveUid=10396 displayId=0 isRunning=true baseIntent=Intent { act=android.intent.action.MAIN cat=[android.intent.category.LAUNCHER] flg=0x10300000 cmp=com.doubao.helper/.MainActivity mCallingUid=10179 } baseActivity=ComponentInfo{com.doubao.helper/com.doubao.helper.MainActivity} topActivity=ComponentInfo{com.doubao.helper/com.doubao.helper.MainActivity} origActivity=null realActivity=ComponentInfo{com.doubao.helper/com.doubao.helper.MainActivity}
                                                                                                     numActivities=1 lastActiveTime=21218158 supportsSplitScreenMultiWindow=true supportsMultiWindow=true supportsPocketStudioMultiWindow=true isInFlexibleEmbedded = false uid = 10396 pid = 0 resizeMode=1 isResizeable=true minWidth=-1 minHeight=-1 defaultMinSize=220 token=WCT{RemoteToken{920e651 Task{49f712e #67739 type=standard A=10396:com.doubao.helper}}} topActivityType=1 pictureInPictureParams=null shouldDockBigOverlays=false launchIntoPipHostTaskId=-1 lastParentTaskIdBeforePip=-1 displayCutoutSafeInsets=Rect(0, 138 - 0, 0)
                                                                                                     topActivityInfo=ActivityInfo{3ae9e95 com.doubao.helper.MainActivity} launchCookies=[] positionInParent=Point(0, 0) parentTaskId=-1 isFocused=false isVisible=false isVisibleRequested=true isTopActivityNoDisplay=false isSleeping=false locusId=null displayAreaFeatureId=1 isTopActivityTransparent=false isActivityStackTransparent=false lastNonFullscreenBounds=Rect(95, 1175 - 1145, 1679) capturedLink=null capturedLinkTimestamp=0 requestedVisibleTypes=-9 topActivityRequestOpenInBrowserEducationTimestamp=0
                                                                                                     appCompatTaskInfo=AppCompatTaskInfo { topActivityInSizeCompat=false topActivityInOplusCompatMode=false eligibleForLetterboxEducation= false isLetterboxEducationEnabled= false isLetterboxDoubleTapEnabled= false eligibleForUserAspectRatioButton= false topActivityBoundsLetterboxed= false isFromLetterboxDoubleTap= false topActivityLetterboxVerticalPosition= -1 topActivityLetterboxHorizontalPosition= -1 topActivityLetterboxWidth=-1 topActivityLetterboxHeight=-1 topActivityAppBounds=Rect(0, 0 - 1240, 2772) isUserFullscreenOverrideEnabled=false isSystemFullscreenOverrideEnabled=false hasMinAspectRatioOverride=false topActivityLetterboxBounds=null cameraCompatTaskInfo=CameraCompatTaskInfo { freeformCameraCompatMode=inactive}} topActivityMainWindowFrame=null topActivityLetterboxInsets=Rect(0, 0 - 0, 0)
                                                                                                     mOplusExtraBundle = Bundle[{androidx.flexible.taskFrame=Rect(0, 0 - 0, 0), androidx.flexible.Alpha=1.0, androidx.activity.task.attach.blur=0, androidx.activity.LaunchInsensible=0, androidx.activity.LaunchCornerRadius=0, key_flexible_task_state=0, topActivitySupportAppInnerSplit=false, key_flexible_task_animating_type=-1, key_flexible_task_root_activity_processname=com.doubao.helper, androidx.activity.LaunchScenario=0, is_oplus_clone_task=false, flexible_super_mini_state=false, topRunningActivityHash=68611226, androidx.activity.LaunchScale=1.0, androidx.activity.LaunchShadowRadius=0, is_transient_hide_for_task_info=false, key_flexible_task_root_activity_pid=0, key_flexible_task_root_activity_uid=10396}]}, pipChange = null, remoteTransition = RemoteTransition { remoteTransition = android.window.IRemoteTransition$Stub$Proxy@f02849f, appThread = android.app.IApplicationThread$Stub$Proxy@a7519ec, debugName = QuickstepLaunch }, displayChange = null, flags = 0, debugId = 173 }
2026-06-15 10:18:22.544  3356-3437  WindowManager           system_server                        V      info={id=173 t=OPEN f=0x0 trk=0 r=[0@Point(0, 0)] c=[
                                                                                                            {WCT{RemoteToken{920e651 Task{49f712e #67739 type=standard A=10396:com.doubao.helper}}} m=TO_FRONT f=MOVE_TO_TOP leash=Surface(name=Task=67739)/@0xbb7effd sb=Rect(0, 0 - 1240, 2772) eb=Rect(0, 0 - 1240, 2772) epz=Point(1240, 2772) d=0 endFixedRotation=1 taskParent=-1},
                                                                                                            {WCT{RemoteToken{580078e Task{7e4f84c #1 type=home}}} m=TO_BACK f=SHOW_WALLPAPER leash=Surface(name=Task=1)/@0x6a88d53 sb=Rect(0, 0 - 1240, 2772) eb=Rect(0, 0 - 1240, 2772) epz=Point(1240, 2772) d=0 taskParent=-1}
                                                                                                        ] 
                                                                                                    extendInfo=[
                                                                                                     OplusTransitionExtendedInfo{mTmpFinishT=null, mInOplusCompatMode=false, mIsProcessRunning=false, mHasMismatchBoundsTarget=false, mRecentsController=null, mRemoteTransition=null, mIsTranslucentActivityToHome=false, mAvoidInterceptKeyEventToHome=false, mIsFromHome=true, mParentLeash=null, mBackAnimClosingLeash=null, mIsOplusAnimRes=false, mKeepBgForContinuous=false, mIsBalAllow=false, mTaskNotInRecent=false, mIsPredictiveBackAnim=false, mIsMergedWithPredictive=false, mIsLaunchFromSpruce=false, mIsLaunchFromDrive=false, mGlobalSearchPageSwitch=false, mNeedNoAlphaGlobalSearchScene=false, mAssistScreenShowing=false, mSwipeUpBrowserScreenShowing=false, mUserIdTransition=0
                                                                                                    , mInRemoteScene=false, mInPreReady=false, mPreStart=false, mToken=null, mAbortByRemoteFromHome=false, mShellApplyToken=null, mRequestTransitionTaskId=67739, mAbortTransitionOnShell=0, mStartFromShortcut=false, mRemovedTaskId=-1, mTransitionInterruptType=0, mMergeSecondTaskId=-1, mTaskIdStartFromRecents=0, mTransitionId=173, mCanUseSpringSlideAnim=false, mTransitionLaunchFrom=0, mFoldChangeType=-1, mAnimStartingPosition=[0, 0, 0, 0], mIsOpeningStkDialogActivity=false, mSecondaryHomeToFrontWhenUnFolding=false, mIsNeedApplyStartTForEmbedded=false
                                                                                                    , mNeedCanvasExitAnim=false, mMergeSecondTaskAnimation=false, mIsLaunchUnityStart=false, mIsLaunchFromAssistantByDefault=false, mSkipRemoteTransitionfalse, mIsStartFromKeyguard=false flags=0x0, mWCT=null, mIsOpenMergeToInValidPredictive=false}]}
2026-06-15 10:18:22.545  3356-9073  WindowManager           system_server                        D  updateOrientation: stop for launching different orientation app. topCandidate = ActivityRecord{68611226 u0 com.doubao.helper/.MainActivity t67739} hasFixedRotationTransform = true rotation = 1 r = ActivityRecord{68611226 u0 com.doubao.helper/.MainActivity t67739} hasFixedRotationTransform = true rotation = 1 mFixedRotationLaunchingApp = ActivityRecord{68611226 u0 com.doubao.helper/.MainActivity t67739} curRotation = 0
2026-06-15 10:18:22.545  3356-7556  OplusSplit...gerService system_server                        D  com.doubao.helper supportsSplitScreen by forceResizable activity return:true
2026-06-15 10:18:22.548  7011-7109  SurfaceControl          com.android.systemui                 I   setExtendedRangeBrightness sc=Surface(name=Splash Screen com.doubao.helper)/@0xe7b16c1,currentBufferRatio=1.0,desiredRatio=1.0
2026-06-15 10:18:22.549  7194-7194  [UAH_CLIENT]            com.android.launcher                 I  UahEventAcquire, cmdid:85, pkg:com.doubao.helper, identity:GpuBoost
2026-06-15 10:18:22.551  3356-3563  ActivityManager         system_server                        I  Start proc 13768:com.doubao.helper/u0a396 for top-activity {com.doubao.helper/com.doubao.helper.MainActivity}
2026-06-15 10:18:22.552  3356-7631  OPM                     system_server                        I  handleProcessStart : ProcessRecord{314cbbb 13768:com.doubao.helper/u0a396}
2026-06-15 10:18:22.553  3356-9073  WindowManager           system_server                        I  Window{4a48716 u0 Splash Screen com.doubao.helper} state from DRAW_PENDING to COMMIT_DRAW_PENDING; reason: finishDrawingLocked
2026-06-15 10:18:22.553  3356-8338  OStatsMana...atsManager system_server                        I  updateStateTime: PkgName = com.doubao.helper, uid = 10396, state to bg, mForegroundCnt = 0, isFg = false
2026-06-15 10:18:22.556  3356-3441  WindowManager           system_server                        I  Window{4a48716 u0 Splash Screen com.doubao.helper} state from COMMIT_DRAW_PENDING to READY_TO_SHOW; reason: commitFinishDrawingLocked
2026-06-15 10:18:22.558  3356-3441  OplusSplit...gerService system_server                        D  com.doubao.helper supportsSplitScreen by forceResizable activity return:true
2026-06-15 10:18:22.558  3356-3441  WindowManager           system_server                        I  Window{4a48716 u0 Splash Screen com.doubao.helper} state from READY_TO_SHOW to HAS_DRAWN; reason: performShowLocked
2026-06-15 10:18:22.560  3356-3441  WindowStateExtImpl      system_server                        I  onSurfaceShowChange show = true mPackageName = com.doubao.helper parentPkgName = com.doubao.helper
2026-06-15 10:18:22.573  3356-3438  OplusSplit...gerService system_server                        D  com.doubao.helper supportsSplitScreen by forceResizable activity return:true
2026-06-15 10:18:22.598 13768-13768 nativeloader            com.doubao.helper                    D  Load libframework-connectivity-tiramisu-jni.so using APEX ns com_android_tethering for caller /apex/com.android.tethering/javalib/framework-connectivity-t.jar: ok
2026-06-15 10:18:22.603 13768-13768 libc                    com.doubao.helper                    W  Access denied finding property "persist.vendor.sys.activitylog"
2026-06-15 10:18:22.603 13768-13768 OneTrace                com.doubao.helper                    I  Mark active for pid=13768? true
2026-06-15 10:18:22.603 13768-13768 cutils-dev              com.doubao.helper                    D  otrace_set_tracing_enabled? true tag:0
2026-06-15 10:18:22.603 13768-13775 cutils-dev              com.doubao.helper                    D  properties changed in otrace_seq_number_changed!
2026-06-15 10:18:22.607  3356-3437  SensorServiceExtImpl    system_server                        D  notifyApplicationLaunchStage processName=com.doubao.helper, uid=10396, pid=13768, stage=1
2026-06-15 10:18:22.609  3356-7556  SplitScreenAppReader    system_server                        D  SPLIT_TOUCH support check:com.doubao.helper = false
2026-06-15 10:18:22.609  3356-7556  ResourcesManagerCache   system_server                        D  For package com.doubao.helper we got cacheList [null] appInfoExt is null ? false hasFeature ? false
2026-06-15 10:18:22.611  3356-7556  WindowManager           system_server                        D  updateOrientation: stop for launching different orientation app. topCandidate = ActivityRecord{68611226 u0 com.doubao.helper/.MainActivity t67739} hasFixedRotationTransform = true rotation = 1 r = ActivityRecord{68611226 u0 com.doubao.helper/.MainActivity t67739} hasFixedRotationTransform = true rotation = 1 mFixedRotationLaunchingApp = ActivityRecord{68611226 u0 com.doubao.helper/.MainActivity t67739} curRotation = 0
2026-06-15 10:18:22.611  3356-7556  WindowManager           system_server                        D  updateOrientation: stop for launching different orientation app. topCandidate = ActivityRecord{68611226 u0 com.doubao.helper/.MainActivity t67739} hasFixedRotationTransform = true rotation = 1 r = ActivityRecord{68611226 u0 com.doubao.helper/.MainActivity t67739} hasFixedRotationTransform = true rotation = 1 mFixedRotationLaunchingApp = ActivityRecord{68611226 u0 com.doubao.helper/.MainActivity t67739} curRotation = 0
2026-06-15 10:18:22.612  3356-7556  OplusSplit...gerService system_server                        D  com.doubao.helper supportsSplitScreen by forceResizable activity return:true
2026-06-15 10:18:22.612  3356-7556  OplusSplit...gerService system_server                        D  com.doubao.helper supportsSplitScreen by forceResizable activity return:true
2026-06-15 10:18:22.612  3356-7556  OplusSplit...gerService system_server                        D  com.doubao.helper supportsSplitScreen by forceResizable activity return:true
2026-06-15 10:18:22.612  3356-7556  OplusDexOptimizeManager system_server                        E  pkgSetting or primaryCpuAbi is null for package: com.doubao.helper
2026-06-15 10:18:22.613  3356-7556  ActivityTaskManager     system_server                        D  onWindowFocusChanged Task{49f712e #67739 type=standard A=10396:com.doubao.helper} would transfer to compact
2026-06-15 10:18:22.613  3356-3553  UserAwareMgr            system_server                        I  handleTopAppChanged: com.doubao.helper, pid: 13768, uid: 10396
2026-06-15 10:18:22.613  3356-7556  ActivityTaskManager     system_server                        D  NFW_setLastResumedActivityUncheckLocked:true r:ActivityRecord{68611226 u0 com.doubao.helper/.MainActivity t67739} currentFocus:null
2026-06-15 10:18:22.613  3356-7556  FlexibleTaskController  system_server                        D  onTaskFocusChanged prevTask:Task{d5a1fd2 #5 type=undefined I=com.android.launcher/.Launcher} ,currentTask:Task{49f712e #67739 type=standard A=10396:com.doubao.helper}, reason: realStartActivityLocked - onActivityStateChanged
2026-06-15 10:18:22.613  3356-7556  OplusFlexibleDCSManager system_server                        D  onNextPkgChanged pkg = com.doubao.helper
2026-06-15 10:18:22.613  3356-7556  OplusSplit...gerService system_server                        D  com.doubao.helper supportsSplitScreen by forceResizable activity return:true
2026-06-15 10:18:22.613  3356-7556  OplusAppSw...gerService system_server                        I  appswitch hasProcess ActivityRecord{68611226 u0 com.doubao.helper/.MainActivity t67739}
2026-06-15 10:18:22.613  3356-6835  [UAH_CLIENT]            system_server                        I  UahEventAcquire, cmdid:0, pkg:com.doubao.helper, identity:com.android.server.wm
2026-06-15 10:18:22.614  3356-7556  GameManage...ServiceExt system_server                        I  on FG change: com.android.launcher|com.doubao.helper
2026-06-15 10:18:22.614  3356-7556  OplusAppSw...gerService system_server                        I  appswitch hasProcess ActivityRecord{68611226 u0 com.doubao.helper/.MainActivity t67739}
2026-06-15 10:18:22.617  3356-3657  OplusAppSwitchListener  system_server                        D  Detect com.doubao.helper switch to foreground
2026-06-15 10:18:22.620  3356-3440  OplusKeepAliveManager   system_server                        D  TOP_APP is ProcessRecord{314cbbb 13768:com.doubao.helper/u0a396} uid is 10396
2026-06-15 10:18:22.621  3356-3575  OplusThermalStats       system_server                        E  Error getting package info: com.doubao.helper
2026-06-15 10:18:22.621  3356-3438  OplusSplit...gerService system_server                        D  com.doubao.helper supportsSplitScreen by forceResizable activity return:true
2026-06-15 10:18:22.623 13768-13781 OplusActivityManager    com.doubao.helper                    D  get AMS extension: android.os.BinderProxy@d38c13f
2026-06-15 10:18:22.626 13768-13768 CompactWindowAppManager com.doubao.helper                    D  initCompactApplicationInfo CompactMode: , NormalMode: 
2026-06-15 10:18:22.626 13768-13781 SurfaceSyncGroup        com.doubao.helper                    D  preCreateSurfaceSyncGroupTimerThread
2026-06-15 10:18:22.629  3356-7631  OPM                     system_server                        I  handlePackageLaunched pkg: com.doubao.helper, uid: 10396, pid: 13768
2026-06-15 10:18:22.629  3356-9073  OplusSplit...gerService system_server                        D  com.doubao.helper supportsSplitScreen by forceResizable activity return:true
2026-06-15 10:18:22.630 13768-13768 Configuration           com.doubao.helper                    V  Updating configuration, locales updated from [] to [zh_CN]
2026-06-15 10:18:22.630 13768-13768 OplusScrollToTopManager com.doubao.helper                    D  setIsInWhiteList false
2026-06-15 10:18:22.631 13768-13768 OplusViewDebugManager   com.doubao.helper                    D  OplusViewDebugManager Constructor android.view.debug.OplusViewDebugManager@c413f55 [mHasViewDebugProperty true] [mHasMsgDebugProperty false] [DEBUG false] [EXTRAINFOENABLE false] [LIGHT_OS false]
2026-06-15 10:18:22.632  3356-6321  OplusSplit...gerService system_server                        D  com.doubao.helper supportsSplitScreen by forceResizable activity return:true
2026-06-15 10:18:22.633  1986-8649  AudioFlingerExtImpl     audioserver                          D  AudioFlingerExtImpl oplusSetParameters: keyvalue onForegroundActivitiesChanged=com.doubao.helper:foreground:1|10396:13768
2026-06-15 10:18:22.633  1986-8649  AudioFlingerExtImpl     audioserver                          D  updateForegroundInfo, mapInf mForegroundMap(1)|[com.doubao.helper]=1, uidPidMapInf mForegroundUidPidMap(1)|[10396]=13768
2026-06-15 10:18:22.633  3356-6321  OplusSplit...gerService system_server                        D  com.doubao.helper supportsSplitScreen by forceResizable activity return:true
2026-06-15 10:18:22.636  3356-8338  OStatsManager_Calc      system_server                        I  noteBeforePkgSwitch change = true, curTime = 21228172, com.doubao.helper, fg = false
2026-06-15 10:18:22.636  3356-6321  ActivityTaskManager     system_server                        D  after skip size:21,pre-Filtered:com.doubao.helper # com.larus.nova # com.android.settings # com.deepseek.chat # com.android.settings # com.android.settings # com.heytap.browser # com.oplus.ota # com.antgroup.leopard.android # com.heytap.market # com.aliyun.tongyi # com.coloros.phonemanager # com.oplus.camera # com.coloros.alarmclock # com.xunmeng.pinduoduo # com.ss.android.yumme.video # com.coloros.gallery3d # com.baidu.tieba # com.azure.authenticator # com.unionpay # com.unionpay # 
2026-06-15 10:18:22.636  3356-8338  OStatsMana...atsManager system_server                        I  updateStateTime: PkgName = com.doubao.helper, uid = 10396, state to fg, mForegroundCnt = 1, isFg = true
2026-06-15 10:18:22.636  3356-8338  OStatsMana...atsManager system_server                        I  notePkgForeground [com.doubao.helper10396, com.android.launcher10179], uid = 10396, pid = 13768, pkgName = com.doubao.helper
2026-06-15 10:18:22.636  3356-3386  OplusSplit...gerService system_server                        D  com.doubao.helper supportsSplitScreen by forceResizable activity return:true
2026-06-15 10:18:22.639  6928-6943  DCSEX-AppSwitchManager  com.oplus.exsystemservice            V  OnAppSwitchObserver: onAppExit, resuming = com.doubao.helper, target = com.android.launcher, is ResumingFirstStart =  true, is ResumingMultiApp =  false, extensionInfo =  Bundle[mParcelledData.dataSize=580]
2026-06-15 10:18:22.639  6928-11352 DCSEX-AppL...ntRecorder com.oplus.exsystemservice            D  onAppSwitch from = com.android.launcher to = com.doubao.helper
2026-06-15 10:18:22.643 13768-13768 libc                    com.doubao.helper                    W  Access denied finding property "ro.odm.prev.product.name"
2026-06-15 10:18:22.643  1725-1747  statsd                  statsd                               I  An anomaly (104240000001) (42)0x10000->10396[I] (42)0x20000->com.doubao.helper[S] (42)0x30000->.MainActivity[S]  has occurred! Informing subscribers.
2026-06-15 10:18:22.645  7454-9950  Battery                 com.oplus.battery                    W  AppSwitchDetectorV2: OnAppSwitchObserver: onAppExit , info = OplusAppExitInfo = {  targetName = com.android.launcher hasResumingActivity = true resumingPackageName = com.doubao.helper resumingActivityName = com.doubao.helper.MainActivity resumingWindowMode = 1 isResumingMultiApp = false isResumingFirstStart = true extension = Bundle[mParcelledData.dataSize=580]} lastReg=1781468767941
